
 Start  Stop   Length Name               Class

 00000H 0449FH 044A0H _TEXT              CODE
 044A0H 044A0H 00000H H_LDIV_TEXT        CODE
 044A0H 047FCH 0035DH WOLFHACK_TEXT      CODE
 047FEH 04862H 00065H WHACK_A_TEXT       CODE
 04864H 0489EH 0003BH WL_ASM_TEXT        CODE
 0489FH 060A9H 0180BH WL_MAIN_TEXT       CODE
 060AAH 06A68H 009BFH WL_TEXT_TEXT       CODE
 06A69H 0A935H 03ECDH WL_MENU_TEXT       CODE
 0A936H 0BD4AH 01415H WL_INTER_TEXT      CODE
 0BD4BH 0D093H 01349H WL_GAME_TEXT       CODE
 0D094H 0E168H 010D5H WL_PLAY_TEXT       CODE
 0E169H 0EC94H 00B2CH WL_DEBUG_TEXT      CODE
 0EC95H 0FB78H 00EE4H WL_DRAW_TEXT       CODE
 0FB7AH 0FFCDH 00454H WL_DR_A_TEXT       CODE
 0FFCEH 10865H 00898H WL_SCALE_TEXT      CODE
 10866H 11E58H 015F3H WL_STATE_TEXT      CODE
 11E59H 12F56H 010FEH WL_AGENT_TEXT      CODE
 12F57H 13BF9H 00CA3H WL_ACT1_TEXT       CODE
 13BFAH 15B45H 01F4CH WL_ACT2_TEXT       CODE
 15B46H 1713AH 015F5H ID_CA_TEXT         CODE
 1713BH 17C51H 00B17H ID_IN_TEXT         CODE
 17C52H 18878H 00C27H ID_MM_TEXT         CODE
 18879H 19905H 0108DH ID_PM_TEXT         CODE
 19906H 1B0C1H 017BCH ID_SD_TEXT         CODE
 1B0C2H 1B4B3H 003F2H ID_SD_A_TEXT       CODE
 1B4B4H 1C02EH 00B7BH ID_US_1_TEXT       CODE
 1C030H 1C074H 00045H ID_US_A_TEXT       CODE
 1C075H 1CB78H 00B04H ID_VL_TEXT         CODE
 1CB79H 1D465H 008EDH ID_VH_TEXT         CODE
 1D466H 1D6F9H 00294H ID_VL_A_TEXT       CODE
 1D6FAH 1D8EFH 001F6H ID_VH_A_TEXT       CODE
 1D8F0H 20066H 02777H EMU_PROG           CODE
 20070H 20637H 005C8H E87_PROG           CODE
 20640H 20640H 00000H _FARDATA           FAR_DATA
 20640H 2263FH 02000H FAR_DATA           FAR_DATA
 22640H 22741H 00102H FAR_DATA           FAR_DATA
 22750H 22A43H 002F4H WL_MAIN5_DATA      FAR_DATA
 22A50H 22D1FH 002D0H WL_MENU5_DATA      FAR_DATA
 22D20H 22E99H 0017AH WL_MENU6_DATA      FAR_DATA
 22EA0H 23097H 001F8H WL_MENU7_DATA      FAR_DATA
 230A0H 2319BH 000FCH WL_MENU8_DATA      FAR_DATA
 231A0H 2336DH 001CEH WL_MENU9_DATA      FAR_DATA
 23370H 23417H 000A8H WL_MENU10_DATA     FAR_DATA
 23420H 235C3H 001A4H WL_MENU11_DATA     FAR_DATA
 235D0H 23749H 0017AH WL_MENU12_DATA     FAR_DATA
 23750H 23773H 00024H WL_MENU13_DATA     FAR_DATA
 23780H 3317FH 0FA00H SignonSeg          FAR_DATA
 33180H 331FFH 00080H ID_IN5_DATA        FAR_DATA
 33200H 3327FH 00080H ID_IN6_DATA        FAR_DATA
 33280H 332FFH 00080H ID_IN7_DATA        FAR_DATA
 33300H 33300H 00000H _FARBSS            FAR_BSS
 33300H 33858H 00559H _COMDEF_AA_        FAR_BSS
 33860H 33F67H 00708H _COMDEF_AB_        FAR_BSS
 33F70H 34D7FH 00E10H _COMDEF_AC_        FAR_BSS
 34D80H 34E14H 00095H _COMDEF_AD_        FAR_BSS
 34E20H 3601FH 01200H _COMDEF_AE_        FAR_BSS
 36020H 3721FH 01200H _COMDEF_AF_        FAR_BSS
 37220H 392EFH 020D0H _COMDEF_AG_        FAR_BSS
 392F0H 395EFH 00300H _COMDEF_AH_        FAR_BSS
 395F0H 398EFH 00300H _COMDEF_AI_        FAR_BSS
 398F0H 398F0H 00000H _OVERLAY_          OVRINFO
 398F0H 398F0H 00000H _1STUB_            STUBSEG
 398F0H 3E029H 0473AH _DATA              DATA
 3E02AH 3E02DH 00004H _CVTSEG            DATA
 3E02EH 3E039H 0000CH _SCNSEG            DATA
 3E03AH 3E03AH 00000H _CONST             CONST
 3E03AH 3E057H 0001EH _INIT_             INITDATA
 3E058H 3E058H 00000H _INITEND_          INITDATA
 3E058H 3E05DH 00006H _EXIT_             EXITDATA
 3E05EH 3E05EH 00000H _EXITEND_          EXITDATA
 3E05EH 3E2D3H 00276H _BSS               BSS
 3E2D4H 4889EH 0A5CBH _COMDEF_           BSS
 4889FH 4889FH 00000H _BSSEND            BSSEND
 488A0H 4891FH 00080H _STACK             STACK


Detailed map of segments

 0000:0000 02B2 C=CODE   S=_TEXT          G=(none)  M=C0.ASM     ACBP=28
 0000:02B2 00DE C=CODE   S=_TEXT          G=(none)  M=H_LDIV.ASM ACBP=28
 0000:0390 0258 C=CODE   S=_TEXT          G=(none)  M=FPINIT     ACBP=28
 0000:05E8 0000 C=CODE   S=_TEXT          G=(none)  M=E87TRAP    ACBP=28
 0000:05E8 0000 C=CODE   S=_TEXT          G=(none)  M=PROTFLAG   ACBP=28
 0000:05E8 0000 C=CODE   S=_TEXT          G=(none)  M=DEFLT87    ACBP=28
 0000:05E8 000D C=CODE   S=_TEXT          G=(none)  M=ATAN       ACBP=28
 0000:05F5 0000 C=CODE   S=_TEXT          G=(none)  M=HUGEVAL    ACBP=28
 0000:05F5 009A C=CODE   S=_TEXT          G=(none)  M=LDTRUNC    ACBP=28
 0000:068F 0000 C=CODE   S=_TEXT          G=(none)  M=MATHWHY    ACBP=28
 0000:068F 01B5 C=CODE   S=_TEXT          G=(none)  M=REALCVT    ACBP=28
 0000:0844 0361 C=CODE   S=_TEXT          G=(none)  M=SCANTOD    ACBP=28
 0000:0BA5 0209 C=CODE   S=_TEXT          G=(none)  M=XCVT       ACBP=28
 0000:0DAE 00A6 C=CODE   S=_TEXT          G=(none)  M=FPERR      ACBP=28
 0000:0E54 00C9 C=CODE   S=_TEXT          G=(none)  M=_POW10     ACBP=28
 0000:0F1D 000B C=CODE   S=_TEXT          G=(none)  M=POW10D     ACBP=28
 0000:0F28 0026 C=CODE   S=_TEXT          G=(none)  M=MATHERR    ACBP=28
 0000:0F4E 004D C=CODE   S=_TEXT          G=(none)  M=SIN        ACBP=28
 0000:0F9B 0050 C=CODE   S=_TEXT          G=(none)  M=TAN        ACBP=28
 0000:0FEB 0090 C=CODE   S=_TEXT          G=(none)  M=_MATHERR   ACBP=28
 0000:107B 00BB C=CODE   S=_TEXT          G=(none)  M=ATAN2      ACBP=28
 0000:1136 002C C=CODE   S=_TEXT          G=(none)  M=FFTOL      ACBP=28
 0000:1162 002D C=CODE   S=_TEXT          G=(none)  M=ATEXIT     ACBP=28
 0000:118F 0000 C=CODE   S=_TEXT          G=(none)  M=CTYPE      ACBP=28
 0000:118F 0036 C=CODE   S=_TEXT          G=(none)  M=DOSDFREE   ACBP=28
 0000:11C5 0038 C=CODE   S=_TEXT          G=(none)  M=DOSFATTR   ACBP=28
 0000:11FD 0032 C=CODE   S=_TEXT          G=(none)  M=DOSGDATE   ACBP=28
 0000:122F 0023 C=CODE   S=_TEXT          G=(none)  M=DOSWRITE   ACBP=28
 0000:1252 0093 C=CODE   S=_TEXT          G=(none)  M=EXIT       ACBP=28
 0000:12E5 0000 C=CODE   S=_TEXT          G=(none)  M=FILES      ACBP=28
 0000:12E5 0000 C=CODE   S=_TEXT          G=(none)  M=FILES2     ACBP=28
 0000:12E5 0000 C=CODE   S=_TEXT          G=(none)  M=FMODE      ACBP=28
 0000:12E5 0000 C=CODE   S=_TEXT          G=(none)  M=FPSTKLEN   ACBP=28
 0000:12E5 0021 C=CODE   S=_TEXT          G=(none)  M=F_PCMP     ACBP=28
 0000:1306 001C C=CODE   S=_TEXT          G=(none)  M=F_SCOPY    ACBP=28
 0000:1322 0020 C=CODE   S=_TEXT          G=(none)  M=GETVECT    ACBP=28
 0000:1342 0000 C=CODE   S=_TEXT          G=(none)  M=HEAPLEN    ACBP=28
 0000:1342 0021 C=CODE   S=_TEXT          G=(none)  M=H_LLSH     ACBP=28
 0000:1363 0088 C=CODE   S=_TEXT          G=(none)  M=H_PADA     ACBP=28
 0000:13EB 0060 C=CODE   S=_TEXT          G=(none)  M=H_PADD     ACBP=28
 0000:144B 0028 C=CODE   S=_TEXT          G=(none)  M=H_PSBP     ACBP=28
 0000:1473 0027 C=CODE   S=_TEXT          G=(none)  M=H_SPUSH    ACBP=28
 0000:149A 004B C=CODE   S=_TEXT          G=(none)  M=IOERROR    ACBP=28
 0000:14E5 0011 C=CODE   S=_TEXT          G=(none)  M=ISATTY     ACBP=28
 0000:14F6 009A C=CODE   S=_TEXT          G=(none)  M=LONGTOA    ACBP=28
 0000:1590 0029 C=CODE   S=_TEXT          G=(none)  M=LSEEK      ACBP=28
 0000:15B9 0082 C=CODE   S=_TEXT          G=(none)  M=MKNAME     ACBP=28
 0000:163B 0021 C=CODE   S=_TEXT          G=(none)  M=N_PCMP     ACBP=28
 0000:165C 002D C=CODE   S=_TEXT          G=(none)  M=READA      ACBP=28
 0000:1689 01AA C=CODE   S=_TEXT          G=(none)  M=SCANTOL    ACBP=28
 0000:1833 00A5 C=CODE   S=_TEXT          G=(none)  M=SETUPIO    ACBP=28
 0000:18D8 0000 C=CODE   S=_TEXT          G=(none)  M=SIGDATA    ACBP=28
 0000:18D8 0000 C=CODE   S=_TEXT          G=(none)  M=STKLEN     ACBP=28
 0000:18D8 002C C=CODE   S=_TEXT          G=(none)  M=TOLOWER    ACBP=28
 0000:1904 002C C=CODE   S=_TEXT          G=(none)  M=TOUPPER    ACBP=28
 0000:1930 0016 C=CODE   S=_TEXT          G=(none)  M=UNLINK     ACBP=28
 0000:1946 04CB C=CODE   S=_TEXT          G=(none)  M=VPRINTER   ACBP=28
 0000:1E11 009F C=CODE   S=_TEXT          G=(none)  M=VRAM       ACBP=28
 0000:1EB0 001A C=CODE   S=_TEXT          G=(none)  M=XCLOSE     ACBP=28
 0000:1ECA 0029 C=CODE   S=_TEXT          G=(none)  M=_STPCPY    ACBP=28
 0000:1EF3 0025 C=CODE   S=_TEXT          G=(none)  M=BIOSKEY    ACBP=28
 0000:1F18 006F C=CODE   S=_TEXT          G=(none)  M=BRK        ACBP=28
 0000:1F87 0029 C=CODE   S=_TEXT          G=(none)  M=CLRSCR     ACBP=28
 0000:1FB0 0010 C=CODE   S=_TEXT          G=(none)  M=CORELEFT   ACBP=28
 0000:1FC0 01A1 C=CODE   S=_TEXT          G=(none)  M=CRTINIT    ACBP=28
 0000:2161 001F C=CODE   S=_TEXT          G=(none)  M=CVTFAK     ACBP=28
 0000:2180 0421 C=CODE   S=_TEXT          G=(none)  M=FARHEAP    ACBP=28
 0000:25A1 0140 C=CODE   S=_TEXT          G=(none)  M=FBRK       ACBP=28
 0000:26E1 0050 C=CODE   S=_TEXT          G=(none)  M=FCORELFT   ACBP=28
 0000:2731 0049 C=CODE   S=_TEXT          G=(none)  M=GOTOXY     ACBP=28
 0000:277A 00A8 C=CODE   S=_TEXT          G=(none)  M=GPTEXT     ACBP=28
 0000:2822 002E C=CODE   S=_TEXT          G=(none)  M=HARD       ACBP=28
 0000:2850 0126 C=CODE   S=_TEXT          G=(none)  M=HARDERR    ACBP=28
 0000:2976 0027 C=CODE   S=_TEXT          G=(none)  M=IOCTL      ACBP=28
 0000:299D 009D C=CODE   S=_TEXT          G=(none)  M=MOVETEXT   ACBP=28
 0000:2A3A 027B C=CODE   S=_TEXT          G=(none)  M=NEARHEAP   ACBP=28
 0000:2CB5 0004 C=CODE   S=_TEXT          G=(none)  M=REALCVT    ACBP=28
 0000:2CB9 01BD C=CODE   S=_TEXT          G=(none)  M=SCREEN     ACBP=28
 0000:2E76 0188 C=CODE   S=_TEXT          G=(none)  M=SCROLL     ACBP=28
 0000:2FFE 0119 C=CODE   S=_TEXT          G=(none)  M=SETARGV    ACBP=28
 0000:3117 001C C=CODE   S=_TEXT          G=(none)  M=SETBLOCK   ACBP=28
 0000:3133 005D C=CODE   S=_TEXT          G=(none)  M=SETENVP    ACBP=28
 0000:3190 002C C=CODE   S=_TEXT          G=(none)  M=WHEREXY    ACBP=28
 0000:31BC 007D C=CODE   S=_TEXT          G=(none)  M=ATOL       ACBP=28
 0000:3239 0010 C=CODE   S=_TEXT          G=(none)  M=BDOS       ACBP=28
 0000:3249 001B C=CODE   S=_TEXT          G=(none)  M=CHMODA     ACBP=28
 0000:3264 0028 C=CODE   S=_TEXT          G=(none)  M=CLOSE      ACBP=28
 0000:328C 001E C=CODE   S=_TEXT          G=(none)  M=CLOSEA     ACBP=28
 0000:32AA 008B C=CODE   S=_TEXT          G=(none)  M=CREAT      ACBP=28
 0000:3335 0081 C=CODE   S=_TEXT          G=(none)  M=FCLOSE     ACBP=28
 0000:33B6 0081 C=CODE   S=_TEXT          G=(none)  M=FFLUSH     ACBP=28
 0000:3437 0060 C=CODE   S=_TEXT          G=(none)  M=FINDFIRS   ACBP=28
 0000:3497 0041 C=CODE   S=_TEXT          G=(none)  M=FLENGTH    ACBP=28
 0000:34D8 003A C=CODE   S=_TEXT          G=(none)  M=FLUSHALL   ACBP=28
 0000:3512 01A0 C=CODE   S=_TEXT          G=(none)  M=FOPEN      ACBP=28
 0000:36B2 0016 C=CODE   S=_TEXT          G=(none)  M=FPRINTF    ACBP=28
 0000:36C8 018C C=CODE   S=_TEXT          G=(none)  M=FSEEK      ACBP=28
 0000:3854 005F C=CODE   S=_TEXT          G=(none)  M=GETENV     ACBP=28
 0000:38B3 0067 C=CODE   S=_TEXT          G=(none)  M=LTOA1      ACBP=28
 0000:391A 001F C=CODE   S=_TEXT          G=(none)  M=MEMCPY     ACBP=28
 0000:3939 0022 C=CODE   S=_TEXT          G=(none)  M=MOVEDATA   ACBP=28
 0000:395B 0183 C=CODE   S=_TEXT          G=(none)  M=OPEN       ACBP=28
 0000:3ADE 004D C=CODE   S=_TEXT          G=(none)  M=OPENA      ACBP=28
 0000:3B2B 0017 C=CODE   S=_TEXT          G=(none)  M=PRINTF     ACBP=28
 0000:3B42 0309 C=CODE   S=_TEXT          G=(none)  M=PUTC       ACBP=28
 0000:3E4B 004B C=CODE   S=_TEXT          G=(none)  M=PUTS       ACBP=28
 0000:3E96 00CE C=CODE   S=_TEXT          G=(none)  M=READ       ACBP=28
 0000:3F64 0003 C=CODE   S=_TEXT          G=(none)  M=READU      ACBP=28
 0000:3F67 00D8 C=CODE   S=_TEXT          G=(none)  M=SETVBUF    ACBP=28
 0000:403F 0061 C=CODE   S=_TEXT          G=(none)  M=SPRINTF    ACBP=28
 0000:40A0 0039 C=CODE   S=_TEXT          G=(none)  M=STRCAT     ACBP=28
 0000:40D9 001A C=CODE   S=_TEXT          G=(none)  M=STRLEN     ACBP=28
 0000:40F3 00FF C=CODE   S=_TEXT          G=(none)  M=STRTOL     ACBP=28
 0000:41F2 010E C=CODE   S=_TEXT          G=(none)  M=WRITE      ACBP=28
 0000:4300 003A C=CODE   S=_TEXT          G=(none)  M=WRITEA     ACBP=28
 0000:433A 0003 C=CODE   S=_TEXT          G=(none)  M=WRITEU     ACBP=28
 0000:433D 0028 C=CODE   S=_TEXT          G=(none)  M=XFCLOSE    ACBP=28
 0000:4365 0023 C=CODE   S=_TEXT          G=(none)  M=XFFLUSH    ACBP=28
 0000:4388 0028 C=CODE   S=_TEXT          G=(none)  M=FMEMCMP    ACBP=28
 0000:43B0 0024 C=CODE   S=_TEXT          G=(none)  M=FMEMCPY    ACBP=28
 0000:43D4 0043 C=CODE   S=_TEXT          G=(none)  M=FMEMSET    ACBP=28
 0000:4417 0029 C=CODE   S=_TEXT          G=(none)  M=FSTRCPY    ACBP=28
 0000:4440 0041 C=CODE   S=_TEXT          G=(none)  M=FSTRICMP   ACBP=28
 0000:4481 001F C=CODE   S=_TEXT          G=(none)  M=FSTRLEN    ACBP=28
 044A:0000 0000 C=CODE   S=H_LDIV_TEXT    G=(none)  M=H_LDIV.ASM ACBP=48
 044A:0000 035D C=CODE   S=WOLFHACK_TEXT  G=(none)  M=WOLFHACK.C ACBP=28
 047F:000E 0065 C=CODE   S=WHACK_A_TEXT   G=(none)  M=WHACK_A.ASM ACBP=48
 0486:0004 003B C=CODE   S=WL_ASM_TEXT    G=(none)  M=WL_ASM.ASM ACBP=48
 0489:000F 180B C=CODE   S=WL_MAIN_TEXT   G=(none)  M=WL_MAIN.C  ACBP=28
 060A:000A 09BF C=CODE   S=WL_TEXT_TEXT   G=(none)  M=WL_TEXT.C  ACBP=28
 06A6:0009 3ECD C=CODE   S=WL_MENU_TEXT   G=(none)  M=WL_MENU.C  ACBP=28
 0A93:0006 1415 C=CODE   S=WL_INTER_TEXT  G=(none)  M=WL_INTER.C ACBP=28
 0BD4:000B 1349 C=CODE   S=WL_GAME_TEXT   G=(none)  M=WL_GAME.C  ACBP=28
 0D09:0004 10D5 C=CODE   S=WL_PLAY_TEXT   G=(none)  M=WL_PLAY.C  ACBP=28
 0E16:0009 0B2C C=CODE   S=WL_DEBUG_TEXT  G=(none)  M=WL_DEBUG.C ACBP=28
 0EC9:0005 0EE4 C=CODE   S=WL_DRAW_TEXT   G=(none)  M=WL_DRAW.C  ACBP=28
 0FB7:000A 0454 C=CODE   S=WL_DR_A_TEXT   G=(none)  M=WL_DR_A.ASM ACBP=48
 0FFC:000E 0898 C=CODE   S=WL_SCALE_TEXT  G=(none)  M=WL_SCALE.C ACBP=28
 1086:0006 15F3 C=CODE   S=WL_STATE_TEXT  G=(none)  M=WL_STATE.C ACBP=28
 11E5:0009 10FE C=CODE   S=WL_AGENT_TEXT  G=(none)  M=WL_AGENT.C ACBP=28
 12F5:0007 0CA3 C=CODE   S=WL_ACT1_TEXT   G=(none)  M=WL_ACT1.C  ACBP=28
 13BF:000A 1F4C C=CODE   S=WL_ACT2_TEXT   G=(none)  M=WL_ACT2.C  ACBP=28
 15B4:0006 15F5 C=CODE   S=ID_CA_TEXT     G=(none)  M=ID_CA.C    ACBP=28
 1713:000B 0B17 C=CODE   S=ID_IN_TEXT     G=(none)  M=ID_IN.C    ACBP=28
 17C5:0002 0C27 C=CODE   S=ID_MM_TEXT     G=(none)  M=ID_MM.C    ACBP=28
 1887:0009 108D C=CODE   S=ID_PM_TEXT     G=(none)  M=ID_PM.C    ACBP=28
 1990:0006 17BC C=CODE   S=ID_SD_TEXT     G=(none)  M=ID_SD.C    ACBP=28
 1B0C:0002 03F2 C=CODE   S=ID_SD_A_TEXT   G=(none)  M=ID_SD_A.ASM ACBP=48
 1B4B:0004 0B7B C=CODE   S=ID_US_1_TEXT   G=(none)  M=ID_US_1.C  ACBP=28
 1C03:0000 0045 C=CODE   S=ID_US_A_TEXT   G=(none)  M=ID_US_A.ASM ACBP=48
 1C07:0005 0B04 C=CODE   S=ID_VL_TEXT     G=(none)  M=ID_VL.C    ACBP=28
 1CB7:0009 08ED C=CODE   S=ID_VH_TEXT     G=(none)  M=ID_VH.C    ACBP=28
 1D46:0006 0294 C=CODE   S=ID_VL_A_TEXT   G=(none)  M=ID_VL_A.ASM ACBP=48
 1D6F:000A 01F6 C=CODE   S=ID_VH_A_TEXT   G=(none)  M=ID_VH_A.ASM ACBP=48
 1D8F:0000 0000 C=CODE   S=EMU_PROG       G=(none)  M=FPINIT     ACBP=68
 1D8F:0000 2777 C=CODE   S=EMU_PROG       G=(none)  M=EMU086     ACBP=68
 2007:0000 0000 C=CODE   S=E87_PROG       G=(none)  M=FPINIT     ACBP=68
 2007:0000 03E3 C=CODE   S=E87_PROG       G=(none)  M=EMU087     ACBP=68
 2007:03F0 01D8 C=CODE   S=E87_PROG       G=(none)  M=E87TRAP    ACBP=68
 2064:0000 0000 C=FAR_DATA S=_FARDATA       G=(none)  M=C0.ASM     ACBP=68
 2064:0000 2000 C=FAR_DATA S=FAR_DATA       G=(none)  M=WHACK_A.ASM ACBP=60
 2264:0000 0102 C=FAR_DATA S=FAR_DATA       G=(none)  M=ID_US_A.ASM ACBP=60
 2275:0000 02F4 C=FAR_DATA S=WL_MAIN5_DATA  G=(none)  M=WL_MAIN.C  ACBP=68
 22A5:0000 02D0 C=FAR_DATA S=WL_MENU5_DATA  G=(none)  M=WL_MENU.C  ACBP=68
 22D2:0000 017A C=FAR_DATA S=WL_MENU6_DATA  G=(none)  M=WL_MENU.C  ACBP=68
 22EA:0000 01F8 C=FAR_DATA S=WL_MENU7_DATA  G=(none)  M=WL_MENU.C  ACBP=68
 230A:0000 00FC C=FAR_DATA S=WL_MENU8_DATA  G=(none)  M=WL_MENU.C  ACBP=68
 231A:0000 01CE C=FAR_DATA S=WL_MENU9_DATA  G=(none)  M=WL_MENU.C  ACBP=68
 2337:0000 00A8 C=FAR_DATA S=WL_MENU10_DATA G=(none)  M=WL_MENU.C  ACBP=68
 2342:0000 01A4 C=FAR_DATA S=WL_MENU11_DATA G=(none)  M=WL_MENU.C  ACBP=68
 235D:0000 017A C=FAR_DATA S=WL_MENU12_DATA G=(none)  M=WL_MENU.C  ACBP=68
 2375:0000 0024 C=FAR_DATA S=WL_MENU13_DATA G=(none)  M=WL_MENU.C  ACBP=68
 2378:0000 FA00 C=FAR_DATA S=SignonSeg      G=(none)  M=SIGNON.BIN   ACBP=60
 3318:0000 0080 C=FAR_DATA S=ID_IN5_DATA    G=(none)  M=ID_IN.C    ACBP=68
 3320:0000 0080 C=FAR_DATA S=ID_IN6_DATA    G=(none)  M=ID_IN.C    ACBP=68
 3328:0000 0080 C=FAR_DATA S=ID_IN7_DATA    G=(none)  M=ID_IN.C    ACBP=68
 3330:0000 0000 C=FAR_BSS S=_FARBSS        G=(none)  M=C0.ASM     ACBP=68
 3330:0000 0559 C=FAR_BSS S=_COMDEF_AA_    G=(none)  M=WL_ACT1.C  ACBP=60
 3386:0000 0708 C=FAR_BSS S=_COMDEF_AB_    G=(none)  M=WL_DRAW.C  ACBP=60
 33F7:0000 0E10 C=FAR_BSS S=_COMDEF_AC_    G=(none)  M=WL_DRAW.C  ACBP=60
 34D8:0000 0095 C=FAR_BSS S=_COMDEF_AD_    G=(none)  M=ID_CA.C    ACBP=60
 34E2:0000 1200 C=FAR_BSS S=_COMDEF_AE_    G=(none)  M=WL_PLAY.C  ACBP=60
 3602:0000 1200 C=FAR_BSS S=_COMDEF_AF_    G=(none)  M=WL_PLAY.C  ACBP=60
 3722:0000 20D0 C=FAR_BSS S=_COMDEF_AG_    G=(none)  M=ID_MM.C    ACBP=60
 392F:0000 0300 C=FAR_BSS S=_COMDEF_AH_    G=(none)  M=ID_VL.C    ACBP=60
 395F:0000 0300 C=FAR_BSS S=_COMDEF_AI_    G=(none)  M=ID_VL.C    ACBP=60
 398F:0000 0000 C=OVRINFO S=_OVERLAY_      G=(none)  M=C0.ASM     ACBP=68
 398F:0000 0000 C=STUBSEG S=_1STUB_        G=(none)  M=C0.ASM     ACBP=68
 398F:0000 00D9 C=DATA   S=_DATA          G=DGROUP  M=C0.ASM     ACBP=68
 398F:00DA 0000 C=DATA   S=_DATA          G=DGROUP  M=H_LDIV.ASM ACBP=48
 398F:00DA 0002 C=DATA   S=_DATA          G=DGROUP  M=WOLFHACK.C ACBP=48
 398F:00DC 0000 C=DATA   S=_DATA          G=DGROUP  M=WHACK_A.ASM ACBP=48
 398F:00DC 0000 C=DATA   S=_DATA          G=DGROUP  M=WL_ASM.ASM ACBP=48
 398F:00DC 0254 C=DATA   S=_DATA          G=DGROUP  M=WL_MAIN.C  ACBP=48
 398F:0330 00A1 C=DATA   S=_DATA          G=DGROUP  M=WL_TEXT.C  ACBP=48
 398F:03D2 06B4 C=DATA   S=_DATA          G=DGROUP  M=WL_MENU.C  ACBP=48
 398F:0A86 03ED C=DATA   S=_DATA          G=DGROUP  M=WL_INTER.C ACBP=48
 398F:0E74 03FC C=DATA   S=_DATA          G=DGROUP  M=WL_GAME.C  ACBP=48
 398F:1270 0216 C=DATA   S=_DATA          G=DGROUP  M=WL_PLAY.C  ACBP=48
 398F:1486 01FE C=DATA   S=_DATA          G=DGROUP  M=WL_DEBUG.C ACBP=48
 398F:1684 0096 C=DATA   S=_DATA          G=DGROUP  M=WL_DRAW.C  ACBP=48
 398F:171A 0000 C=DATA   S=_DATA          G=DGROUP  M=WL_DR_A.ASM ACBP=48
 398F:171A 00F1 C=DATA   S=_DATA          G=DGROUP  M=WL_SCALE.C ACBP=48
 398F:180C 00FF C=DATA   S=_DATA          G=DGROUP  M=WL_STATE.C ACBP=48
 398F:190C 0112 C=DATA   S=_DATA          G=DGROUP  M=WL_AGENT.C ACBP=48
 398F:1A1E 0119 C=DATA   S=_DATA          G=DGROUP  M=WL_ACT1.C  ACBP=48
 398F:1B38 1412 C=DATA   S=_DATA          G=DGROUP  M=WL_ACT2.C  ACBP=48
 398F:2F4A 0300 C=DATA   S=_DATA          G=DGROUP  M=GAMEPAL.BIN  ACBP=48
 398F:324A 0109 C=DATA   S=_DATA          G=DGROUP  M=ID_CA.C    ACBP=48
 398F:3354 005F C=DATA   S=_DATA          G=DGROUP  M=ID_IN.C    ACBP=48
 398F:33B4 015B C=DATA   S=_DATA          G=DGROUP  M=ID_MM.C    ACBP=48
 398F:3510 0490 C=DATA   S=_DATA          G=DGROUP  M=ID_PM.C    ACBP=48
 398F:39A0 0265 C=DATA   S=_DATA          G=DGROUP  M=ID_SD.C    ACBP=48
 398F:3C06 0104 C=DATA   S=_DATA          G=DGROUP  M=ID_SD_A.ASM ACBP=48
 398F:3D0A 02B9 C=DATA   S=_DATA          G=DGROUP  M=ID_US_1.C  ACBP=48
 398F:3FC4 0000 C=DATA   S=_DATA          G=DGROUP  M=ID_US_A.ASM ACBP=48
 398F:3FC4 0097 C=DATA   S=_DATA          G=DGROUP  M=ID_VL.C    ACBP=48
 398F:405C 0029 C=DATA   S=_DATA          G=DGROUP  M=ID_VH.C    ACBP=48
 398F:4086 0002 C=DATA   S=_DATA          G=DGROUP  M=ID_VL_A.ASM ACBP=48
 398F:4088 0000 C=DATA   S=_DATA          G=DGROUP  M=ID_VH_A.ASM ACBP=48
 398F:4090 0002 C=DATA   S=_DATA          G=DGROUP  M=FPINIT     ACBP=68
 398F:40A0 0000 C=DATA   S=_DATA          G=DGROUP  M=E87TRAP    ACBP=68
 398F:40A0 0003 C=DATA   S=_DATA          G=DGROUP  M=PROTFLAG   ACBP=48
 398F:40A4 0002 C=DATA   S=_DATA          G=DGROUP  M=DEFLT87    ACBP=48
 398F:40A6 0000 C=DATA   S=_DATA          G=DGROUP  M=ATAN       ACBP=48
 398F:40A6 0024 C=DATA   S=_DATA          G=DGROUP  M=HUGEVAL    ACBP=48
 398F:40CA 0000 C=DATA   S=_DATA          G=DGROUP  M=LDTRUNC    ACBP=48
 398F:40CA 0037 C=DATA   S=_DATA          G=DGROUP  M=MATHWHY    ACBP=48
 398F:4102 0000 C=DATA   S=_DATA          G=DGROUP  M=REALCVT    ACBP=48
 398F:4102 0018 C=DATA   S=_DATA          G=DGROUP  M=SCANTOD    ACBP=48
 398F:411A 0000 C=DATA   S=_DATA          G=DGROUP  M=XCVT       ACBP=48
 398F:411A 008C C=DATA   S=_DATA          G=DGROUP  M=FPERR      ACBP=48
 398F:41A6 0080 C=DATA   S=_DATA          G=DGROUP  M=_POW10     ACBP=48
 398F:4226 0000 C=DATA   S=_DATA          G=DGROUP  M=POW10D     ACBP=48
 398F:4226 0000 C=DATA   S=_DATA          G=DGROUP  M=MATHERR    ACBP=48
 398F:4226 000C C=DATA   S=_DATA          G=DGROUP  M=SIN        ACBP=48
 398F:4232 000C C=DATA   S=_DATA          G=DGROUP  M=TAN        ACBP=48
 398F:423E 000E C=DATA   S=_DATA          G=DGROUP  M=_MATHERR   ACBP=48
 398F:424C 0018 C=DATA   S=_DATA          G=DGROUP  M=ATAN2      ACBP=48
 398F:4270 0110 C=DATA   S=_DATA          G=DGROUP  M=EMUVARS    ACBP=68
 398F:4380 0000 C=DATA   S=_DATA          G=DGROUP  M=FFTOL      ACBP=48
 398F:4380 0002 C=DATA   S=_DATA          G=DGROUP  M=ATEXIT     ACBP=48
 398F:4382 0101 C=DATA   S=_DATA          G=DGROUP  M=CTYPE      ACBP=48
 398F:4484 0000 C=DATA   S=_DATA          G=DGROUP  M=DOSDFREE   ACBP=48
 398F:4484 0000 C=DATA   S=_DATA          G=DGROUP  M=DOSFATTR   ACBP=48
 398F:4484 0000 C=DATA   S=_DATA          G=DGROUP  M=DOSGDATE   ACBP=48
 398F:4484 0000 C=DATA   S=_DATA          G=DGROUP  M=DOSWRITE   ACBP=48
 398F:4484 000C C=DATA   S=_DATA          G=DGROUP  M=EXIT       ACBP=48
 398F:4490 0140 C=DATA   S=_DATA          G=DGROUP  M=FILES      ACBP=48
 398F:45D0 002A C=DATA   S=_DATA          G=DGROUP  M=FILES2     ACBP=48
 398F:45FA 0004 C=DATA   S=_DATA          G=DGROUP  M=FMODE      ACBP=48
 398F:45FE 0002 C=DATA   S=_DATA          G=DGROUP  M=FPSTKLEN   ACBP=48
 398F:4600 0000 C=DATA   S=_DATA          G=DGROUP  M=F_PCMP     ACBP=48
 398F:4600 0000 C=DATA   S=_DATA          G=DGROUP  M=F_SCOPY    ACBP=48
 398F:4600 0000 C=DATA   S=_DATA          G=DGROUP  M=GETVECT    ACBP=48
 398F:4600 0002 C=DATA   S=_DATA          G=DGROUP  M=HEAPLEN    ACBP=48
 398F:4602 0000 C=DATA   S=_DATA          G=DGROUP  M=H_LLSH     ACBP=48
 398F:4602 0000 C=DATA   S=_DATA          G=DGROUP  M=H_PADA     ACBP=48
 398F:4602 0000 C=DATA   S=_DATA          G=DGROUP  M=H_PADD     ACBP=48
 398F:4602 0000 C=DATA   S=_DATA          G=DGROUP  M=H_PSBP     ACBP=48
 398F:4602 0000 C=DATA   S=_DATA          G=DGROUP  M=H_SPUSH    ACBP=48
 398F:4602 005B C=DATA   S=_DATA          G=DGROUP  M=IOERROR    ACBP=48
 398F:465E 0000 C=DATA   S=_DATA          G=DGROUP  M=ISATTY     ACBP=48
 398F:465E 0000 C=DATA   S=_DATA          G=DGROUP  M=LONGTOA    ACBP=48
 398F:465E 0000 C=DATA   S=_DATA          G=DGROUP  M=LSEEK      ACBP=48
 398F:465E 0009 C=DATA   S=_DATA          G=DGROUP  M=MKNAME     ACBP=48
 398F:4668 0000 C=DATA   S=_DATA          G=DGROUP  M=N_PCMP     ACBP=48
 398F:4668 0000 C=DATA   S=_DATA          G=DGROUP  M=READA      ACBP=48
 398F:4668 0000 C=DATA   S=_DATA          G=DGROUP  M=SCANTOL    ACBP=48
 398F:4668 0000 C=DATA   S=_DATA          G=DGROUP  M=SETUPIO    ACBP=48
 398F:4668 0000 C=DATA   S=_DATA          G=DGROUP  M=SIGDATA    ACBP=48
 398F:4668 0002 C=DATA   S=_DATA          G=DGROUP  M=STKLEN     ACBP=48
 398F:466A 0000 C=DATA   S=_DATA          G=DGROUP  M=TOLOWER    ACBP=48
 398F:466A 0000 C=DATA   S=_DATA          G=DGROUP  M=TOUPPER    ACBP=48
 398F:466A 0000 C=DATA   S=_DATA          G=DGROUP  M=UNLINK     ACBP=48
 398F:466A 0067 C=DATA   S=_DATA          G=DGROUP  M=VPRINTER   ACBP=48
 398F:46D2 0000 C=DATA   S=_DATA          G=DGROUP  M=VRAM       ACBP=48
 398F:46D2 0000 C=DATA   S=_DATA          G=DGROUP  M=XCLOSE     ACBP=48
 398F:46D2 0000 C=DATA   S=_DATA          G=DGROUP  M=_STPCPY    ACBP=48
 398F:46D2 0000 C=DATA   S=_DATA          G=DGROUP  M=BIOSKEY    ACBP=48
 398F:46D2 0000 C=DATA   S=_DATA          G=DGROUP  M=BRK        ACBP=48
 398F:46D2 0000 C=DATA   S=_DATA          G=DGROUP  M=CLRSCR     ACBP=48
 398F:46D2 0000 C=DATA   S=_DATA          G=DGROUP  M=CORELEFT   ACBP=48
 398F:46D2 0018 C=DATA   S=_DATA          G=DGROUP  M=CRTINIT    ACBP=48
 398F:46EA 0031 C=DATA   S=_DATA          G=DGROUP  M=CVTFAK     ACBP=48
 398F:471C 0000 C=DATA   S=_DATA          G=DGROUP  M=FARHEAP    ACBP=48
 398F:471C 0002 C=DATA   S=_DATA          G=DGROUP  M=FBRK       ACBP=48
 398F:471E 0000 C=DATA   S=_DATA          G=DGROUP  M=FCORELFT   ACBP=48
 398F:471E 0000 C=DATA   S=_DATA          G=DGROUP  M=GOTOXY     ACBP=48
 398F:471E 0000 C=DATA   S=_DATA          G=DGROUP  M=GPTEXT     ACBP=48
 398F:471E 0000 C=DATA   S=_DATA          G=DGROUP  M=HARD       ACBP=48
 398F:471E 0000 C=DATA   S=_DATA          G=DGROUP  M=HARDERR    ACBP=48
 398F:471E 0000 C=DATA   S=_DATA          G=DGROUP  M=IOCTL      ACBP=48
 398F:471E 0000 C=DATA   S=_DATA          G=DGROUP  M=MOVETEXT   ACBP=48
 398F:471E 0006 C=DATA   S=_DATA          G=DGROUP  M=NEARHEAP   ACBP=48
 398F:4724 0000 C=DATA   S=_DATA          G=DGROUP  M=REALCVT    ACBP=48
 398F:4724 0000 C=DATA   S=_DATA          G=DGROUP  M=SCREEN     ACBP=48
 398F:4724 0000 C=DATA   S=_DATA          G=DGROUP  M=SCROLL     ACBP=48
 398F:4724 000E C=DATA   S=_DATA          G=DGROUP  M=SETARGV    ACBP=48
 398F:4732 0000 C=DATA   S=_DATA          G=DGROUP  M=SETBLOCK   ACBP=48
 398F:4732 0002 C=DATA   S=_DATA          G=DGROUP  M=SETENVP    ACBP=48
 398F:4734 0000 C=DATA   S=_DATA          G=DGROUP  M=WHEREXY    ACBP=48
 398F:4734 0000 C=DATA   S=_DATA          G=DGROUP  M=ATOL       ACBP=48
 398F:4734 0000 C=DATA   S=_DATA          G=DGROUP  M=BDOS       ACBP=48
 398F:4734 0000 C=DATA   S=_DATA          G=DGROUP  M=CHMODA     ACBP=48
 398F:4734 0000 C=DATA   S=_DATA          G=DGROUP  M=CLOSE      ACBP=48
 398F:4734 0000 C=DATA   S=_DATA          G=DGROUP  M=CLOSEA     ACBP=48
 398F:4734 0000 C=DATA   S=_DATA          G=DGROUP  M=CREAT      ACBP=48
 398F:4734 0000 C=DATA   S=_DATA          G=DGROUP  M=FCLOSE     ACBP=48
 398F:4734 0000 C=DATA   S=_DATA          G=DGROUP  M=FFLUSH     ACBP=48
 398F:4734 0000 C=DATA   S=_DATA          G=DGROUP  M=FINDFIRS   ACBP=48
 398F:4734 0000 C=DATA   S=_DATA          G=DGROUP  M=FLENGTH    ACBP=48
 398F:4734 0000 C=DATA   S=_DATA          G=DGROUP  M=FLUSHALL   ACBP=48
 398F:4734 0000 C=DATA   S=_DATA          G=DGROUP  M=FOPEN      ACBP=48
 398F:4734 0000 C=DATA   S=_DATA          G=DGROUP  M=FPRINTF    ACBP=48
 398F:4734 0000 C=DATA   S=_DATA          G=DGROUP  M=FSEEK      ACBP=48
 398F:4734 0000 C=DATA   S=_DATA          G=DGROUP  M=GETENV     ACBP=48
 398F:4734 0000 C=DATA   S=_DATA          G=DGROUP  M=LTOA1      ACBP=48
 398F:4734 0000 C=DATA   S=_DATA          G=DGROUP  M=MEMCPY     ACBP=48
 398F:4734 0000 C=DATA   S=_DATA          G=DGROUP  M=MOVEDATA   ACBP=48
 398F:4734 0000 C=DATA   S=_DATA          G=DGROUP  M=OPEN       ACBP=48
 398F:4734 0000 C=DATA   S=_DATA          G=DGROUP  M=OPENA      ACBP=48
 398F:4734 0000 C=DATA   S=_DATA          G=DGROUP  M=PRINTF     ACBP=48
 398F:4734 0001 C=DATA   S=_DATA          G=DGROUP  M=PUTC       ACBP=48
 398F:4736 0000 C=DATA   S=_DATA          G=DGROUP  M=PUTS       ACBP=48
 398F:4736 0000 C=DATA   S=_DATA          G=DGROUP  M=READ       ACBP=48
 398F:4736 0000 C=DATA   S=_DATA          G=DGROUP  M=READU      ACBP=48
 398F:4736 0004 C=DATA   S=_DATA          G=DGROUP  M=SETVBUF    ACBP=48
 398F:473A 0000 C=DATA   S=_DATA          G=DGROUP  M=SPRINTF    ACBP=48
 398F:473A 0000 C=DATA   S=_DATA          G=DGROUP  M=STRCAT     ACBP=48
 398F:473A 0000 C=DATA   S=_DATA          G=DGROUP  M=STRLEN     ACBP=48
 398F:473A 0000 C=DATA   S=_DATA          G=DGROUP  M=STRTOL     ACBP=48
 398F:473A 0000 C=DATA   S=_DATA          G=DGROUP  M=WRITE      ACBP=48
 398F:473A 0000 C=DATA   S=_DATA          G=DGROUP  M=WRITEA     ACBP=48
 398F:473A 0000 C=DATA   S=_DATA          G=DGROUP  M=WRITEU     ACBP=48
 398F:473A 0000 C=DATA   S=_DATA          G=DGROUP  M=XFCLOSE    ACBP=48
 398F:473A 0000 C=DATA   S=_DATA          G=DGROUP  M=XFFLUSH    ACBP=48
 398F:473A 0000 C=DATA   S=_DATA          G=DGROUP  M=FMEMCMP    ACBP=48
 398F:473A 0000 C=DATA   S=_DATA          G=DGROUP  M=FMEMCPY    ACBP=48
 398F:473A 0000 C=DATA   S=_DATA          G=DGROUP  M=FMEMSET    ACBP=48
 398F:473A 0000 C=DATA   S=_DATA          G=DGROUP  M=FSTRCPY    ACBP=48
 398F:473A 0000 C=DATA   S=_DATA          G=DGROUP  M=FSTRICMP   ACBP=48
 398F:473A 0000 C=DATA   S=_DATA          G=DGROUP  M=FSTRLEN    ACBP=48
 398F:473A 0000 C=DATA   S=_CVTSEG        G=DGROUP  M=C0.ASM     ACBP=48
 398F:473A 0002 C=DATA   S=_CVTSEG        G=DGROUP  M=REALCVT    ACBP=48
 398F:473C 0002 C=DATA   S=_CVTSEG        G=DGROUP  M=CVTFAK     ACBP=48
 398F:473E 0000 C=DATA   S=_CVTSEG        G=DGROUP  M=REALCVT    ACBP=48
 398F:473E 0000 C=DATA   S=_SCNSEG        G=DGROUP  M=C0.ASM     ACBP=48
 398F:473E 0006 C=DATA   S=_SCNSEG        G=DGROUP  M=SCANTOD    ACBP=48
 398F:4744 0006 C=DATA   S=_SCNSEG        G=DGROUP  M=CVTFAK     ACBP=48
 398F:474A 0000 C=CONST  S=_CONST         G=DGROUP  M=C0.ASM     ACBP=48
 398F:474A 0000 C=INITDATA S=_INIT_         G=DGROUP  M=C0.ASM     ACBP=48
 398F:474A 0006 C=INITDATA S=_INIT_         G=DGROUP  M=FPINIT     ACBP=48
 398F:4750 0006 C=INITDATA S=_INIT_         G=DGROUP  M=SETUPIO    ACBP=48
 398F:4756 0006 C=INITDATA S=_INIT_         G=DGROUP  M=CRTINIT    ACBP=48
 398F:475C 0006 C=INITDATA S=_INIT_         G=DGROUP  M=SETARGV    ACBP=48
 398F:4762 0006 C=INITDATA S=_INIT_         G=DGROUP  M=SETENVP    ACBP=48
 398F:4768 0000 C=INITDATA S=_INITEND_      G=DGROUP  M=C0.ASM     ACBP=28
 398F:4768 0000 C=EXITDATA S=_EXIT_         G=DGROUP  M=C0.ASM     ACBP=48
 398F:4768 0006 C=EXITDATA S=_EXIT_         G=DGROUP  M=FPINIT     ACBP=48
 398F:476E 0000 C=EXITDATA S=_EXITEND_      G=DGROUP  M=C0.ASM     ACBP=28
 398F:476E 0000 C=BSS    S=_BSS           G=DGROUP  M=C0.ASM     ACBP=48
 398F:476E 0000 C=BSS    S=_BSS           G=DGROUP  M=WOLFHACK.C ACBP=48
 398F:476E 0002 C=BSS    S=_BSS           G=DGROUP  M=WL_MAIN.C  ACBP=48
 398F:4770 0000 C=BSS    S=_BSS           G=DGROUP  M=WL_TEXT.C  ACBP=48
 398F:4770 0002 C=BSS    S=_BSS           G=DGROUP  M=WL_MENU.C  ACBP=48
 398F:4772 0000 C=BSS    S=_BSS           G=DGROUP  M=WL_INTER.C ACBP=48
 398F:4772 0000 C=BSS    S=_BSS           G=DGROUP  M=WL_GAME.C  ACBP=48
 398F:4772 0000 C=BSS    S=_BSS           G=DGROUP  M=WL_PLAY.C  ACBP=48
 398F:4772 000A C=BSS    S=_BSS           G=DGROUP  M=WL_DEBUG.C ACBP=48
 398F:477C 0000 C=BSS    S=_BSS           G=DGROUP  M=WL_DRAW.C  ACBP=48
 398F:477C 0004 C=BSS    S=_BSS           G=DGROUP  M=WL_SCALE.C ACBP=48
 398F:4780 0000 C=BSS    S=_BSS           G=DGROUP  M=WL_STATE.C ACBP=48
 398F:4780 0000 C=BSS    S=_BSS           G=DGROUP  M=WL_AGENT.C ACBP=48
 398F:4780 0000 C=BSS    S=_BSS           G=DGROUP  M=WL_ACT1.C  ACBP=48
 398F:4780 0000 C=BSS    S=_BSS           G=DGROUP  M=WL_ACT2.C  ACBP=48
 398F:4780 0000 C=BSS    S=_BSS           G=DGROUP  M=ID_CA.C    ACBP=48
 398F:4780 0014 C=BSS    S=_BSS           G=DGROUP  M=ID_IN.C    ACBP=48
 398F:4794 0000 C=BSS    S=_BSS           G=DGROUP  M=ID_MM.C    ACBP=48
 398F:4794 0000 C=BSS    S=_BSS           G=DGROUP  M=ID_PM.C    ACBP=48
 398F:4794 0180 C=BSS    S=_BSS           G=DGROUP  M=ID_SD.C    ACBP=48
 398F:4914 0030 C=BSS    S=_BSS           G=DGROUP  M=ID_US_1.C  ACBP=48
 398F:4944 0000 C=BSS    S=_BSS           G=DGROUP  M=ID_VL.C    ACBP=48
 398F:4944 0000 C=BSS    S=_BSS           G=DGROUP  M=ID_VH.C    ACBP=48
 398F:4944 0000 C=BSS    S=_BSS           G=DGROUP  M=ATAN       ACBP=48
 398F:4944 0000 C=BSS    S=_BSS           G=DGROUP  M=LDTRUNC    ACBP=48
 398F:4944 0000 C=BSS    S=_BSS           G=DGROUP  M=REALCVT    ACBP=48
 398F:4944 0000 C=BSS    S=_BSS           G=DGROUP  M=SCANTOD    ACBP=48
 398F:4944 0000 C=BSS    S=_BSS           G=DGROUP  M=XCVT       ACBP=48
 398F:4944 0000 C=BSS    S=_BSS           G=DGROUP  M=_POW10     ACBP=48
 398F:4944 0000 C=BSS    S=_BSS           G=DGROUP  M=SIN        ACBP=48
 398F:4944 0000 C=BSS    S=_BSS           G=DGROUP  M=TAN        ACBP=48
 398F:4944 0000 C=BSS    S=_BSS           G=DGROUP  M=ATAN2      ACBP=48
 398F:4944 0080 C=BSS    S=_BSS           G=DGROUP  M=ATEXIT     ACBP=48
 398F:49C4 0000 C=BSS    S=_BSS           G=DGROUP  M=DOSFATTR   ACBP=48
 398F:49C4 0000 C=BSS    S=_BSS           G=DGROUP  M=DOSWRITE   ACBP=48
 398F:49C4 0000 C=BSS    S=_BSS           G=DGROUP  M=GETVECT    ACBP=48
 398F:49C4 0000 C=BSS    S=_BSS           G=DGROUP  M=IOERROR    ACBP=48
 398F:49C4 0000 C=BSS    S=_BSS           G=DGROUP  M=ISATTY     ACBP=48
 398F:49C4 0000 C=BSS    S=_BSS           G=DGROUP  M=LONGTOA    ACBP=48
 398F:49C4 0000 C=BSS    S=_BSS           G=DGROUP  M=LSEEK      ACBP=48
 398F:49C4 000D C=BSS    S=_BSS           G=DGROUP  M=MKNAME     ACBP=48
 398F:49D2 0000 C=BSS    S=_BSS           G=DGROUP  M=READA      ACBP=48
 398F:49D2 0000 C=BSS    S=_BSS           G=DGROUP  M=SCANTOL    ACBP=48
 398F:49D2 0000 C=BSS    S=_BSS           G=DGROUP  M=SETUPIO    ACBP=48
 398F:49D2 0004 C=BSS    S=_BSS           G=DGROUP  M=SIGDATA    ACBP=48
 398F:49D6 0000 C=BSS    S=_BSS           G=DGROUP  M=UNLINK     ACBP=48
 398F:49D6 0000 C=BSS    S=_BSS           G=DGROUP  M=VPRINTER   ACBP=48
 398F:49D6 0000 C=BSS    S=_BSS           G=DGROUP  M=VRAM       ACBP=48
 398F:49D6 0000 C=BSS    S=_BSS           G=DGROUP  M=BIOSKEY    ACBP=48
 398F:49D6 0000 C=BSS    S=_BSS           G=DGROUP  M=BRK        ACBP=48
 398F:49D6 0000 C=BSS    S=_BSS           G=DGROUP  M=CORELEFT   ACBP=48
 398F:49D6 0000 C=BSS    S=_BSS           G=DGROUP  M=CRTINIT    ACBP=48
 398F:49D6 000C C=BSS    S=_BSS           G=DGROUP  M=HARDERR    ACBP=48
 398F:49E2 0000 C=BSS    S=_BSS           G=DGROUP  M=IOCTL      ACBP=48
 398F:49E2 0000 C=BSS    S=_BSS           G=DGROUP  M=SETBLOCK   ACBP=48
 398F:49E2 0000 C=BSS    S=_BSS           G=DGROUP  M=ATOL       ACBP=48
 398F:49E2 0000 C=BSS    S=_BSS           G=DGROUP  M=BDOS       ACBP=48
 398F:49E2 0000 C=BSS    S=_BSS           G=DGROUP  M=CHMODA     ACBP=48
 398F:49E2 0000 C=BSS    S=_BSS           G=DGROUP  M=CLOSEA     ACBP=48
 398F:49E2 0000 C=BSS    S=_BSS           G=DGROUP  M=CREAT      ACBP=48
 398F:49E2 0000 C=BSS    S=_BSS           G=DGROUP  M=FINDFIRS   ACBP=48
 398F:49E2 0000 C=BSS    S=_BSS           G=DGROUP  M=FLENGTH    ACBP=48
 398F:49E2 0000 C=BSS    S=_BSS           G=DGROUP  M=GETENV     ACBP=48
 398F:49E2 0000 C=BSS    S=_BSS           G=DGROUP  M=MEMCPY     ACBP=48
 398F:49E2 0000 C=BSS    S=_BSS           G=DGROUP  M=MOVEDATA   ACBP=48
 398F:49E2 0000 C=BSS    S=_BSS           G=DGROUP  M=OPEN       ACBP=48
 398F:49E2 0000 C=BSS    S=_BSS           G=DGROUP  M=OPENA      ACBP=48
 398F:49E2 0001 C=BSS    S=_BSS           G=DGROUP  M=PUTC       ACBP=48
 398F:49E4 0000 C=BSS    S=_BSS           G=DGROUP  M=READ       ACBP=48
 398F:49E4 0000 C=BSS    S=_BSS           G=DGROUP  M=STRCAT     ACBP=48
 398F:49E4 0000 C=BSS    S=_BSS           G=DGROUP  M=STRLEN     ACBP=48
 398F:49E4 0000 C=BSS    S=_BSS           G=DGROUP  M=WRITEA     ACBP=48
 398F:49E4 0000 C=BSS    S=_BSS           G=DGROUP  M=FMEMCMP    ACBP=48
 398F:49E4 0000 C=BSS    S=_BSS           G=DGROUP  M=FMEMCPY    ACBP=48
 398F:49E4 0000 C=BSS    S=_BSS           G=DGROUP  M=FMEMSET    ACBP=48
 398F:49E4 0000 C=BSS    S=_BSS           G=DGROUP  M=FSTRCPY    ACBP=48
 398F:49E4 0000 C=BSS    S=_BSS           G=DGROUP  M=FSTRICMP   ACBP=48
 398F:49E4 0000 C=BSS    S=_BSS           G=DGROUP  M=FSTRLEN    ACBP=48
 398F:49E4 A5CB C=BSS    S=_COMDEF_       G=DGROUP  M=WOLFHACK.C ACBP=48
 398F:EFAF 0000 C=BSSEND S=_BSSEND        G=DGROUP  M=C0.ASM     ACBP=28
 488A:0000 0080 C=STACK  S=_STACK         G=(none)  M=C0.ASM     ACBP=74

  Address         Publics by Name

 398F:0000 idle  DATASEG@
 0000:02AE idle  DGROUP@
 1D8F:2152       e086_Entry
 1D8F:26E0       e086_Shortcut
 2007:0306       e087_Entry
 2007:03C6       e087_Shortcut
 2007:0430       e087_Trap
 0000:FE32 idle  FIARQQ
 0000:0E32 idle  FICRQQ
 0000:5C32  Abs  FIDRQQ
 0000:1632  Abs  FIERQQ
 0000:0632 idle  FISRQQ
 0000:A23D  Abs  FIWRQQ
 0000:4000 idle  FJARQQ
 0000:C000 idle  FJCRQQ
 0000:8000 idle  FJSRQQ
 0000:1136 idle  FTOL@
 0000:1136       F_FTOL@
 0000:02B5       F_LDIV@
 0000:02DC idle  F_LMOD@
 0000:02D4 idle  F_LUDIV@
 0000:02E4 idle  F_LUMOD@
 0000:1345 idle  F_LXLSH@
 0000:1366       F_PADA@
 0000:13EE       F_PADD@
 0000:12E5       F_PCMP@
 0000:13AA       F_PSBA@
 0000:144E       F_PSBP@
 0000:141D idle  F_PSUB@
 0000:1306       F_SCOPY@
 0000:1479       F_SPUSH@
 0000:02B5       LDIV@
 0000:02DC idle  LMOD@
 0000:02D4 idle  LUDIV@
 0000:02E4 idle  LUMOD@
 0000:1345 idle  LXLSH@
 0000:02B2 idle  N_LDIV@
 0000:02D9 idle  N_LMOD@
 0000:02D1 idle  N_LUDIV@
 0000:02E1 idle  N_LUMOD@
 0000:1342       N_LXLSH@
 0000:1363 idle  N_PADA@
 0000:13EB       N_PADD@
 0000:163B       N_PCMP@
 0000:13A7 idle  N_PSBA@
 0000:144B       N_PSBP@
 0000:141A idle  N_PSUB@
 0000:1473 idle  N_SPUSH@
 0000:1366 idle  PADA@
 0000:13EE idle  PADD@
 0000:12E5 idle  PCMP@
 0000:13AA idle  PSBA@
 0000:144E idle  PSBP@
 0000:141D idle  PSUB@
 0000:1306 idle  SCOPY@
 0000:1479 idle  SPUSH@
 0000:0296       _abort
 398F:EE11       _abortprogram
 398F:55BA       _actorat
 398F:9C43       _AdLibPresent
 398F:3293 idle  _afilename
 398F:E8B0       _aftersort
 398F:3289 idle  _aheadname
 398F:EAB2       _alBlock
 398F:EAAE       _alLengthLeft
 398F:EAB8       _alNoCheck
 1990:0C74       _alOut
 398F:EAB4       _alSound
 398F:EAAA       _alTimeCount
 398F:EA9A       _alZeroInst
 398F:D9C6       _angle
 398F:A4E2       _anglefrac
 398F:52DC       _areabyplayer
 3330:0000       _areaconnect
 0FB7:0076       _AsmRefresh
 0000:05E8       _atan
 0000:107B       _atan2
 0000:1162 idle  _atexit
 0000:322C idle  _atoi
 0000:31BC       _atol
 398F:192C idle  _attackinfo
 398F:E01D       _audiohandle
 398F:E023       _audiohuffman
 398F:324A       _audioname
 398F:A054       _audiosegs
 398F:E81B       _audiostarts
 13BF:06A5       _A_DeathScream
 13BF:10E4 idle  _A_HitlerMorph
 13BF:1165 idle  _A_MechaSound
 13BF:1191 idle  _A_Slurpie
 13BF:000A idle  _A_Smoke
 13BF:1C98 idle  _A_StartDeathCam
 398F:9956       _backcolor
 060A:0675 idle  _BackPage
 0FFC:000E idle  _BadScale
 398F:4C52       _basedist
 0000:3239       _bdos
 398F:E8B4       _beforesort
 0000:1EF3       _bioskey
 0A93:0584 idle  _BJ_Breathe
 398F:9957       _blockstarts
 398F:E896       _bombonerror
 398F:A41C       _bonuscount
 398F:EE15       _bordercolor
 06A6:0266 idle  _BossKey
 0000:1F6B idle  _brk
 398F:E828       _btnstate
 398F:EFAB       _bufferheight
 398F:52D4       _bufferofs
 398F:E826       _bufferseg
 398F:EFAD       _bufferwidth
 0FFC:01D0 idle  _BuildCompScale
 0489:0C51 idle  _BuildTables
 398F:EE0F       _Button0
 398F:EE0D       _Button1
 398F:A4FE       _buttonheld
 398F:1290       _buttonjoy
 398F:1288       _buttonmouse
 398F:1278       _buttonscan
 398F:A4EA       _buttonstate
 060A:069F idle  _CacheLayoutGraphics
 06A6:2E30       _CacheLump
 0EC9:0283 idle  _CalcHeight
 0489:0D98 idle  _CalcProjection
 0EC9:09BF idle  _CalcRotate
 0EC9:0CE4       _CalcTics
 06A6:1546 idle  _CalibrateJoystick
 15B4:045A idle  _CAL_CarmackExpand
 15B4:0DC4 idle  _CAL_ExpandGrChunk
 15B4:007E idle  _CAL_GetGrChunkLength
 15B4:02FE idle  _CAL_HuffExpand
 15B4:02B3 idle  _CAL_OptimizeNodes
 15B4:0B32 idle  _CAL_SetupAudioFile
 15B4:0767 idle  _CAL_SetupGrFile
 15B4:0985 idle  _CAL_SetupMapFile
 15B4:0CAD       _CA_CacheAudioChunk
 15B4:0E7F       _CA_CacheGrChunk
 15B4:109B       _CA_CacheMap
 15B4:12DC       _CA_CacheMarks
 15B4:0FAF       _CA_CacheScreen
 15B4:159C idle  _CA_CannotOpen
 15B4:1261 idle  _CA_ClearAllMarks
 15B4:1240 idle  _CA_ClearMarks
 15B4:006D idle  _CA_CloseDebug
 15B4:121A       _CA_DownLevel
 15B4:00E6       _CA_FarRead
 15B4:012D       _CA_FarWrite
 398F:9EE9       _ca_levelbit
 398F:E823       _ca_levelnum
 15B4:0D43       _CA_LoadAllSounds
 15B4:0236 idle  _CA_LoadFile
 15B4:004C idle  _CA_OpenDebug
 15B4:0174 idle  _CA_ReadFile
 15B4:0571 idle  _CA_RLEWCompress
 15B4:06B3 idle  _CA_RLEWexpand
 15B4:12B0       _CA_SetAllPurge
 15B4:1284 idle  _CA_SetGrPurge
 15B4:0C84       _CA_Shutdown
 15B4:0C63       _CA_Startup
 15B4:11D8       _CA_UpLevel
 15B4:01E4       _CA_WriteFile
 0D09:05BB       _CenterWindow
 398F:9896       _centerx
 06A6:3D1C       _CheckForEpisodes
 0A93:1225       _CheckHighScore
 0486:0004       _CheckIs386
 0D09:05E9 idle  _CheckKeys
 1086:0F51       _CheckLine
 06A6:3C69 idle  _CheckPause
 13BF:1C02 idle  _CheckPosition
 1086:11BE idle  _CheckSight
 11E5:0009 idle  _CheckWeaponChange
 398F:E019       _chunkcomplen
 398F:E015       _chunkexplen
 398F:D866       _ChunksInFile
 06A6:303F idle  _CleanupControlPanel
 0BD4:0164       _ClearMemory
 06A6:2E15       _ClearMScreen
 0D09:0C90 idle  _ClearPaletteShifts
 0A93:0006       _ClearSplitVWB
 11E5:08C9 idle  _ClipMove
 0000:3264       _close
 12F5:0361 idle  _CloseDoor
 0000:1F87       _clrscr
 11E5:0A9C idle  _Cmd_Fire
 11E5:0AEE idle  _Cmd_Use
 398F:0418 idle  _color_hlite
 398F:0420 idle  _color_norml
 398F:D846       _compatability
 398F:00EE       _configname
 06A6:393F idle  _Confirm
 12F5:01AF idle  _ConnectAreas
 11E5:003D idle  _ControlMovement
 398F:E844       _Controls
 398F:A4FC       _controlx
 398F:A4FA       _controly
 0000:1FB0       _coreleft
 398F:1694       _costable
 0E16:00CD idle  _CountObjects
 06A6:29BB idle  _CP_ChangeView
 06A6:02B0 idle  _CP_CheckQuick
 06A6:1771 idle  _CP_Control
 06A6:07BC idle  _CP_EndGame
 06A6:0F2F idle  _CP_LoadGame
 06A6:0873 idle  _CP_NewGame
 06A6:2BB3 idle  _CP_Quit
 06A6:1217 idle  _CP_SaveGame
 06A6:0B1B idle  _CP_Sound
 06A6:0812       _CP_ViewScores
 0000:32C3       _creat
 398F:03F0 idle  _CtlItems
 230A:0000 idle  _CtlMenu
 398F:EE0B       _CursorBad
 398F:EE09       _CursorX
 398F:EE07       _CursorY
 398F:03FA idle  _CusItems
 235D:0000 idle  _CusMenu
 06A6:1D6B idle  _CustomControls
 1086:0E56       _DamageActor
 398F:A41E       _damagecount
 398F:E81F       _debughandle
 0E16:0792       _DebugKeys
 0E16:0009 idle  _DebugMemory
 398F:A4DE       _DebugOk
 06A6:1E4A idle  _DefineJoyBtns
 06A6:1E86 idle  _DefineKeyBtns
 06A6:1EC2 idle  _DefineKeyMove
 06A6:1E0E idle  _DefineMouseBtns
 398F:E842       _DemoBuffer
 398F:A2AC       _demobuffer
 0489:15E9 idle  _DemoLoop
 398F:335E idle  _DemoMode
 398F:1204       _demoname
 398F:E840       _DemoOffset
 398F:A2B6       _demoplayback
 398F:A2B2       _demoptr
 398F:A2B8       _demorecord
 398F:E83E       _DemoSize
 398F:181E idle  _diagonal
 0BD4:0F44 idle  _Died
 398F:ECD5       _DigiLastEnd
 398F:ECD7       _DigiLastStart
 398F:ECDB       _DigiLeft
 398F:D84A       _DigiList
 398F:9B8B       _DigiMap
 398F:9C3B       _DigiMode
 398F:ECEF       _DigiNumber
 398F:ECD9       _DigiPage
 398F:ED07       _DigiPlaying
 398F:ECEB       _DigiPriority
 398F:00DC       _dirangle
 398F:46E1       _directvideo
 398F:1270       _dirscan
 398F:1B38 idle  _dirtable
 0489:03BD idle  _DiskFlopAnim
 398F:9D4E       _displayofs
 0D09:0DD4 idle  _DoActor
 0489:03EC idle  _DoChecksum
 0489:107C idle  _DoJukebox
 12F5:0796 idle  _DoorClosing
 398F:D85C       _doornum
 398F:86BA       _doorobjlist
 12F5:060F idle  _DoorOpen
 12F5:063D idle  _DoorOpening
 398F:5328       _doorposition
 0BD4:09D5       _DrawAllPlayBorder
 0BD4:09A5       _DrawAllPlayBorderSides
 11E5:04D0       _DrawAmmo
 06A6:2B32 idle  _DrawChangeView
 06A6:1B9E idle  _DrawCtlScreen
 06A6:288D idle  _DrawCustJoy
 06A6:2921 idle  _DrawCustKeybd
 06A6:2989 idle  _DrawCustKeys
 06A6:27E6 idle  _DrawCustMouse
 06A6:24CA idle  _DrawCustomScreen
 11E5:01D3       _DrawFace
 06A6:35CC idle  _DrawGun
 06A6:3597 idle  _DrawHalfStep
 11E5:0300       _DrawHealth
 0A93:104F       _DrawHighScores
 11E5:0452       _DrawKeys
 11E5:039C       _DrawLevel
 11E5:03BA       _DrawLives
 06A6:10DD idle  _DrawLoadSaveScreen
 06A6:0EA9 idle  _DrawLSAction
 06A6:01C1 idle  _DrawMainMenu
 06A6:36B2       _DrawMenu
 06A6:3CA9 idle  _DrawMenuGun
 06A6:1879 idle  _DrawMouseSens
 06A6:09C1 idle  _DrawNewEpisode
 06A6:0A72 idle  _DrawNewGame
 06A6:0B01 idle  _DrawNewGameDiff
 06A6:2EC6 idle  _DrawOutline
 044A:025D idle  _DrawPlanes
 0BD4:0A06       _DrawPlayBorder
 0BD4:0919 idle  _DrawPlayBorderSides
 0EC9:0C4E idle  _DrawPlayerWeapon
 0BD4:0AD3       _DrawPlayScreen
 0EC9:0A3B idle  _DrawScaleds
 11E5:03F4       _DrawScore
 06A6:0CAD idle  _DrawSoundMenu
 044A:001E idle  _DrawSpans
 06A6:3CDC       _DrawStripes
 11E5:0439       _DrawWeapon
 06A6:2E8E       _DrawWindow
 1086:0B12 idle  _DropItem
 398F:A422       _dummyobj
 398F:0E74 idle  _ElevatorBackTo
 398F:352A idle  _EMMDriverName
 398F:E8F2       _EMSAvail
 398F:E8F0       _EMSHandle
 398F:E8D4       _EMSList
 398F:E8EE       _EMSPageFrame
 398F:A294       _EMSPagesAvail
 398F:E8C2       _EMSPagesUsed
 398F:E8EC       _EMSPhysicalPage
 398F:A298       _EMSPresent
 398F:0330 idle  _endextern
 398F:0341       _endfilename
 22A5:0000 idle  _endStrings
 060A:0921       _EndText
 06A6:1EFE idle  _EnterCtrlData
 398F:4732       _environ
 398F:0428 idle  _EpisodeSelect
 06A6:351E idle  _EraseGun
 398F:00C3       _errno
 0000:12AA       _exit
 398F:A04F       _extension
 398F:A50E       _extravbls
 398F:A4E0       _facecount
 0000:26E1       _farcoreleft
 0000:22C0       _farfree
 398F:E8AA       _farheap
 0000:23CA       _farmalloc
 398F:863A       _farmapylookup
 0000:2527 idle  _farrealloc
 0EC9:0373       _FarScalePost
 398F:D868       _farthest
 398F:EE13       _fastpalette
 0000:3335       _fclose
 0000:33B6       _fflush
 0000:3497       _filelength
 0000:3437       _findfirst
 0000:346A       _findnext
 33F7:0000       _finetangent
 0BD4:0BC8 idle  _FinishDemoRecord
 0D09:0DAA       _FinishPaletteShifts
 0489:0F5A idle  _FinishSignon
 1086:1280 idle  _FirstSighting
 0EC9:0005       _FixedByFrac
 044A:0000 idle  _FixedMul
 0EC9:0D38       _FixOfs
 06A6:234A idle  _FixupCustom
 1CB7:07B7       _FizzleFade
 398F:A2C8       _fizzlein
 0000:34D8       _flushall
 398F:989A       _focallength
 398F:D9D0       _focaltx
 398F:D9CE       _focalty
 398F:9D4D       _fontcolor
 398F:9D4B       _fontnumber
 0000:3693       _fopen
 0000:36B2       _fprintf
 0000:3B5B       _fputc
 0000:3C91 idle  _fputchar
 398F:A4E6       _frameon
 0000:2A3A       _free
 398F:168A       _freelatch
 06A6:3C02       _FreeMusic
 0000:3725       _fseek
 0000:378D idle  _ftell
 398F:D9DC       _fullscalefarcall
 398F:A416       _funnyticount
 0BD4:115B       _GameLoop
 398F:2F4A       _gamepal
 398F:ED0B       _Games
 398F:95C2       _gamestate
 398F:326B idle  _gdictname
 11E5:0536       _GetBonus
 0000:3854       _getenv
 0D09:09C3       _GetNewActor
 0000:277A       _gettext
 0000:1322       _getvect
 398F:3261 idle  _gfilename
 398F:3257 idle  _gheadname
 11E5:04EC idle  _GiveAmmo
 11E5:03D6 idle  _GiveExtraMan
 11E5:0521 idle  _GiveKey
 11E5:040D       _GivePoints
 11E5:04A7       _GiveWeapon
 398F:A2A8       _globalsoundx
 398F:A2A4       _globalsoundy
 398F:A512       _godmode
 398F:E00B       _gotgatgun
 0000:2731       _gotoxy
 15B4:0006 idle  _GRFILEPOS
 398F:E021       _grhandle
 398F:E41F       _grhuffman
 34D8:0000       _grneeded
 398F:9D50       _grsegs
 398F:E81D       _grstarts
 11E5:0D4C idle  _GunAttack
 398F:ED01       _HackCount
 398F:00DA idle  _halfheight
 060A:00F8 idle  _HandleCommand
 060A:03B5 idle  _HandleCtrls
 06A6:3057       _HandleMenu
 060A:03D5 idle  _HandleWord
 0000:2822       _harderr
 0000:2834 idle  _hardresume
 0000:2842 idle  _hardretn
 11E5:0375       _HealSelf
 398F:9606       _heightnumerator
 398F:0332 idle  _helpextern
 398F:0334 idle  _helpfilename
 060A:089A idle  _HelpScreens
 0EC9:05AE       _HitHorizDoor
 0EC9:07AF       _HitHorizPWall
 0EC9:0493       _HitHorizWall
 0EC9:06AD       _HitVertDoor
 0EC9:0883       _HitVertPWall
 0EC9:037B       _HitVertWall
 398F:542A       _horizwall
 398F:A04A       _ingame
 0D09:097C       _InitActorList
 12F5:01E8       _InitAreas
 0489:105B idle  _InitDigiMap
 12F5:0210       _InitDoorList
 0489:126D idle  _InitGame
 0D09:0B20       _InitRedShifts
 12F5:0007       _InitStaticList
 1713:01E3       _INL_GetJoyDelta
 398F:DDF7       _insetupscaling
 06A6:2C3C       _IntroScreen
 1713:0AB4       _IN_Ack
 1713:0A5B       _IN_CheckAck
 1713:068D       _IN_ClearKeysDown
 1713:0615 idle  _IN_Default
 1713:014A       _IN_GetJoyAbs
 1713:0345 idle  _IN_GetJoyButtonsDB
 06A6:3C25 idle  _IN_GetScanName
 1713:0B0D       _IN_JoyButtons
 1713:0AF6       _IN_MouseButtons
 1713:06AC       _IN_ReadControl
 1713:09C4 idle  _IN_SetControlType
 1713:0680 idle  _IN_SetKeyHook
 1713:0490       _IN_SetupJoy
 1713:0654       _IN_Shutdown
 1713:0A0C       _IN_StartAck
 1713:0577       _IN_Startup
 1713:0AC5       _IN_UserInput
 1713:09F1       _IN_WaitForASCII
 1713:09D5 idle  _IN_WaitForKey
 0000:2976       _ioctl
 398F:989E       _IsA386
 0000:14E5       _isatty
 0000:38B3       _itoa
 0486:002C       _jabhack2
 398F:00FC idle  _JHParmStrings
 398F:E84C       _JoyDefs
 398F:54B0       _joypadenabled
 398F:E83C       _JoyPadPresent
 398F:9C45       _JoysPresent
 398F:54B2       _joystickenabled
 398F:54AC       _joystickport
 398F:54AE       _joystickprogressive
 398F:3354 idle  _KbdDefs
 398F:9C4B       _Keyboard
 1086:0BA5 idle  _KillActor
 398F:A2BA       _killerobj
 11E5:0CCF idle  _KnifeAttack
 398F:A04C       _LastASCII
 398F:E009       _LastAttacker
 398F:A2AE       _lastdemoptr
 398F:E011       _lastdoorobj
 398F:D9D4       _lastintercept
 398F:B518       _lastobj
 398F:9EE2       _LastScan
 398F:D9D8       _lastside
 398F:893A       _laststatobj
 398F:D9D2       _lasttilehit
 398F:9EEC       _lasttimecount
 1CB7:0645       _LatchDrawPic
 11E5:0279 idle  _LatchNumber
 398F:A2D2       _latchpics
 398F:9E8E       _layoutdone
 398F:A2A2       _leftchannel
 398F:9EBC       _leftmargin
 398F:3FCE idle  _leftmasks
 398F:ECE9       _LeftPosition
 398F:1042 idle  _lefttable
 0A93:05D5       _LevelCompleted
 398F:9906       _LevelRatios
 398F:DDEB       _linecmds
 398F:DDE7       _linescale
 398F:EFA7       _linewidth
 398F:9B85       _loadedgame
 1CB7:069D       _LoadLatchMem
 0489:082A       _LoadTheGame
 398F:ECDF       _LocalTime
 0000:1590       _lseek
 398F:03E6 idle  _LSItems
 2342:0000 idle  _LSMenu
 0000:38F5       _ltoa
 398F:D844       _madenoise
 0489:17FA       _main
 398F:03D2       _MainItems
 398F:E9BE       _MainMemPages
 398F:E8F6       _MainMemUsed
 22D2:0000       _MainMenu
 398F:E8F4       _MainPagesAvail
 398F:E8C0       _MainPagesUsed
 398F:EA86       _MainPresent
 0000:2B09       _malloc
 398F:E01F       _maphandle
 398F:A39A       _mapheaderseg
 398F:A2CC       _mapheight
 398F:171A       _mapmasks1
 398F:173A       _mapmasks2
 398F:175A       _mapmasks3
 398F:A29E       _mapon
 398F:D852       _maporgx
 398F:D850       _maporgy
 047F:000E       _MapRow
 398F:A412       _mapsegs
 398F:A2CE       _mapwidth
 398F:A45E       _mapwidthtable
 398F:DDE4       _mask1
 398F:DDE3       _mask2
 398F:DDE2       _mask3
 398F:DDE5       _maskword
 0000:0F28       _matherr
 398F:DDF9       _maxscale
 398F:D9DA       _maxscaleshl2
 398F:960A       _maxslope
 398F:05F2 idle  _mbarray
 0000:391A       _memcpy
 398F:52D2       _menuitems
 06A6:3A4D       _Message
 398F:327F idle  _mfilename
 398F:3275 idle  _mheadname
 398F:D9C8       _midangle
 398F:1690 idle  _mindist
 398F:9604       _minheightdiv
 398F:49FA       _mirrorofs
 3722:0000       _mmblocks
 398F:A29C       _mmerror
 398F:E8A0       _mmfree
 398F:E8A4       _mmhead
 398F:9E7A       _mminfo
 17C5:0002 idle  _MML_CheckForXMS
 17C5:01E6 idle  _MML_ClearBlock
 17C5:001D idle  _MML_SetupXMS
 17C5:0089 idle  _MML_ShutdownXMS
 17C5:00B8       _MML_UseSpace
 398F:E898       _mmnew
 398F:E89C       _mmrover
 398F:E8AE       _mmstarted
 17C5:0C1E       _MM_BombOnError
 17C5:0A51 idle  _MM_DumpData
 17C5:0633       _MM_FreePtr
 17C5:0412       _MM_GetPtr
 17C5:0730       _MM_SetLock
 17C5:06CB       _MM_SetPurge
 17C5:091F idle  _MM_ShowMemory
 17C5:03ED       _MM_Shutdown
 17C5:0799       _MM_SortMem
 17C5:023C       _MM_Startup
 17C5:0BAE       _MM_TotalFree
 17C5:0B55       _MM_UnusedMemory
 398F:988E       _mouseadjustment
 398F:E838       _MouseDownCount
 398F:54B4       _mouseenabled
 398F:9C49       _MousePresent
 06A6:1992 idle  _MouseSensitivity
 0000:3939       _movedata
 12F5:08BA       _MoveDoors
 1086:0963       _MoveObj
 398F:0622 idle  _moveorder
 12F5:0AA7       _MovePWalls
 0000:299D       _movetext
 398F:49EE       _mr_count
 398F:49E4       _mr_dest
 398F:49F0       _mr_rowofs
 398F:49E8       _mr_xfrac
 398F:49EC       _mr_xstep
 398F:49E6       _mr_yfrac
 398F:49EA       _mr_ystep
 0489:0FF7       _MS_CheckParm
 398F:01C4 idle  _MusicItems
 2275:0000 idle  _MusicMenu
 398F:9C39       _MusicMode
 398F:E8A8       _nearheap
 398F:85BA       _nearmapylookup
 398F:ED03       _NeedsDigitized
 398F:ED09       _NeedsMusic
 398F:95BE       _new
 398F:0404 idle  _NewEitems
 231A:0000 idle  _NewEmenu
 0489:036F       _NewGame
 398F:040E idle  _NewItems
 060A:035A idle  _NewLine
 2337:0000 idle  _NewMenu
 1086:00B6       _NewState
 0489:14D0       _NewViewSize
 398F:ECFB       _nextsoundpos
 398F:A510       _noclip
 0A93:1355 idle  _NonShareware
 398F:98A0       _nospr
 398F:01FC idle  _nosprtxt
 398F:9B83       _NoWait
 398F:D84C       _NumDigi
 398F:9EDA       _numpages
 398F:E890       _numUMBs
 398F:B51A       _obj
 398F:A420       _objcount
 398F:B516       _objfreelist
 398F:B51C       _objlist
 398F:E013       _oldsoundmode
 0000:3986       _open
 12F5:0338       _OpenDoor
 12F5:059B       _OperateDoor
 398F:180C idle  _opposite
 398F:05FE idle  _order
 398F:3520 idle  _PageFile
 398F:3512       _PageFileName
 060A:0483 idle  _PageLayout
 398F:9EDC       _pagenum
 395F:0000       _palette1
 392F:0000       _palette2
 398F:A41A       _palshifted
 060A:001D idle  _ParseNumber
 060A:006F idle  _ParsePicCommand
 060A:008D idle  _ParseTimedCommand
 0489:0311 idle  _Patch386
 398F:A04D       _Paused
 398F:ECC0       _pcLastSample
 398F:ECB8       _pcLengthLeft
 398F:49F2       _pcos
 398F:ECBC       _pcSound
 398F:EABA       _pcSoundLookup
 398F:EFA9       _pelpan
 0A93:03DC       _PG13
 398F:9E90       _picdelay
 398F:9EEA       _pickquick
 398F:9E92       _picnum
 398F:9EE7       _pictable
 0E16:01CB       _PicturePause
 398F:9E96       _picx
 398F:9E94       _picy
 398F:960E       _pixelangle
 398F:3FCA idle  _pixmasks
 398F:D9B2       _pixx
 12F5:00D9       _PlaceItemType
 2064:0000       _planepics
 398F:4AC2       _planeylookup
 0BD4:0DD6       _PlayDemo
 398F:95BC       _player
 398F:E005       _playerxmove
 398F:E001       _playerymove
 0D09:0F5D       _PlayLoop
 0BD4:00F4       _PlaySoundLocGlobal
 398F:95C0       _playstate
 398F:DFFF       _plux
 398F:DFFD       _pluy
 398F:E8BA       _PMFrameCount
 1887:0672 idle  _PML_ClosePageFile
 1887:0A02 idle  _PML_GetAPageBuffer
 1887:06A9 idle  _PML_GetEMSAddress
 1887:0B08 idle  _PML_GetPageFromXMS
 1887:07B4 idle  _PML_GiveLRUPage
 1887:0838 idle  _PML_GiveLRUXMSPage
 1887:0B88 idle  _PML_LoadPage
 1887:0009 idle  _PML_MapEMS
 1887:04BC idle  _PML_OpenPageFile
 1887:088D idle  _PML_PutPageInXMS
 1887:0441 idle  _PML_ReadFromFile
 1887:013B idle  _PML_ShutdownEMS
 1887:041A idle  _PML_ShutdownMainMem
 1887:0267 idle  _PML_ShutdownXMS
 1887:002B idle  _PML_StartupEMS
 1887:03A2 idle  _PML_StartupMainMem
 1887:015E idle  _PML_StartupXMS
 1887:0935 idle  _PML_TransferPageSpace
 1887:01D0 idle  _PML_XMSCopy
 398F:E8BE       _PMNumBlocks
 398F:D85E       _PMPages
 398F:E8C8       _PMPanicMode
 398F:E8B8       _PMSegPages
 398F:D862       _PMSoundStart
 398F:D864       _PMSpriteStart
 398F:E8CA       _PMStarted
 398F:E8C6       _PMThrashing
 1887:02B5       _PM_CheckMainMem
 1887:0BD3       _PM_GetPage
 1887:0761       _PM_GetPageAddress
 1887:0EFF       _PM_NextFrame
 1887:0CB2       _PM_Preload
 1887:0F66 idle  _PM_Reset
 1887:028C       _PM_SetMainMemPurge
 1887:0C83       _PM_SetPageLock
 1887:107A       _PM_Shutdown
 1887:0FCD       _PM_Startup
 0D09:03B9 idle  _PollControls
 0D09:006F idle  _PollJoystickButtons
 0D09:0248 idle  _PollJoystickMove
 0D09:0004 idle  _PollKeyboardButtons
 0D09:0100 idle  _PollKeyboardMove
 0D09:002B idle  _PollMouseButtons
 0D09:020C idle  _PollMouseMove
 398F:D858       _postsource
 398F:D854       _postwidth
 398F:D856       _postx
 0000:0F1D       _pow10
 0A93:0FAE       _PreloadGraphics
 0A93:0F19 idle  _PreloadUpdate
 06A6:2843 idle  _PrintCustJoy
 06A6:28EA idle  _PrintCustKeybd
 06A6:2953 idle  _PrintCustKeys
 06A6:279C idle  _PrintCustMouse
 0000:3B2B       _printf
 06A6:118B idle  _PrintLSEntry
 398F:A048       _PrintX
 398F:9B81       _PrintY
 398F:E821       _profilehandle
 13BF:0050 idle  _ProjectileTryMove
 398F:49F6       _psin
 12F5:090D       _PushWall
 0000:3E4B       _puts
 0000:27CE       _puttext
 398F:52D6       _pwalldir
 398F:53A8       _pwallpos
 398F:5326       _pwallstate
 398F:52DA       _pwallx
 398F:52D8       _pwally
 398F:9EE5       _px
 398F:9EE3       _py
 0489:1514       _Quit
 398F:0102 idle  _radtoint
 0000:3F64       _read
 06A6:37E2 idle  _ReadAnyControl
 0489:000F idle  _ReadConfig
 0000:2C62 idle  _realloc
 0BD4:0C96       _RecordDemo
 12F5:0163 idle  _RecursiveConnect
 3602:0000       _redshifts
 0D09:0A24 idle  _RemoveObj
 398F:A2A0       _rightchannel
 398F:9E9E       _rightmargin
 398F:3FD2 idle  _rightmasks
 398F:ECE7       _RightPosition
 398F:0E80 idle  _righttable
 060A:000A idle  _RipToEOL
 2264:0002 idle  _rndtable
 398F:9E98       _rowon
 398F:A4E4       _running
 398F:9EF0       _SaveGameNames
 398F:A032       _SaveGamesAvail
 398F:0436 idle  _SaveName
 0489:0435       _SaveTheGame
 398F:ED05       _SBProPresent
 0000:1F77 idle  _sbrk
 398F:52CA       _scale
 398F:DDFB       _scaledirectory
 0FFC:0329 idle  _ScaleLine
 0EC9:0300 idle  _ScalePost
 0FFC:0473       _ScaleShape
 0BD4:017D idle  _ScanInfoPlane
 398F:3D1A       _Scores
 398F:D848       _screenfaded
 398F:1684       _screenloc
 398F:9898       _screenofs
 398F:3FC4       _screenseg
 1990:0ACE       _SDL_DigitizedDone
 1B0C:0010       _SDL_IndicatePC
 1990:0816 idle  _SDL_LoadDigiSegment
 1990:0847 idle  _SDL_PlayDigiSegment
 1990:04A6 idle  _SDL_SBSetDMA
 1B0C:0008       _SDL_SetDS
 1990:0B9C idle  _SDL_SetupDigi
 1B0C:001D       _SDL_t0ExtremeAsmService
 1B0C:0097       _SDL_t0FastAsmService
 1B0C:02C9       _SDL_t0SlowAsmService
 1990:13F2 idle  _SD_Default
 1990:179C idle  _SD_FadeOutMusic
 1990:1707       _SD_MusicOff
 1990:16FC       _SD_MusicOn
 1990:17AD idle  _SD_MusicPlaying
 1990:0A0E idle  _SD_PlayDigitized
 1990:14DA       _SD_PlaySound
 1990:093B       _SD_Poll
 1990:14C3       _SD_PositionSound
 1990:0B38       _SD_SetDigiDevice
 1990:1087       _SD_SetMusicMode
 1990:09C7       _SD_SetPosition
 1990:0FF9       _SD_SetSoundMode
 1990:14B6 idle  _SD_SetUserHook
 1990:1461       _SD_Shutdown
 1990:1673       _SD_SoundPlaying
 1990:1750       _SD_StartMusic
 1990:10D9       _SD_Startup
 1990:089A       _SD_StopDigitized
 1990:16B8       _SD_StopSound
 1990:16EF       _SD_WaitSoundDone
 1086:0743       _SelectChaseDir
 1086:0615       _SelectDodgeDir
 13BF:1735 idle  _SelectPathDir
 1086:089B       _SelectRunDir
 0000:3117       _setblock
 044A:014C idle  _SetPlaneViewSize
 0BD4:000B idle  _SetSoundLoc
 06A6:377D idle  _SetTextColor
 06A6:2F2B idle  _SetupControlPanel
 0BD4:066C       _SetupGameLevel
 0FFC:001E       _SetupScaling
 0489:0EB2 idle  _SetupWalls
 0000:3F67       _setvbuf
 0000:1331       _setvect
 0489:1402       _SetViewSize
 0E16:02E4 idle  _ShapeTest
 398F:9894       _shootdelta
 06A6:3D0D idle  _ShootSnd
 060A:0788 idle  _ShowArticle
 0489:1487       _ShowViewSize
 0489:0C29       _ShutdownId
 1086:14CE       _SightPlayer
 2378:0000       _signon
 0489:0ED9 idle  _SignonScreen
 0FFC:0787       _SimpleScaleShape
 0000:0F4E       _sin
 398F:A514       _singlestep
 3386:0000       _sintable
 398F:DDEF       _slinewidth
 398F:DDF1       _slinex
 398F:03DC idle  _SndItems
 22EA:0000 idle  _SndMenu
 398F:1298 idle  _songs
 398F:9C3F       _SoundBlasterPresent
 398F:9C3D       _SoundMode
 398F:ECF1       _SoundNumber
 398F:A2D0       _SoundPositioned
 398F:ECED       _SoundPriority
 398F:9C41       _SoundSourcePresent
 398F:0434 idle  _SoundStatus
 398F:ECFF       _SoundTable
 398F:4F72       _spanstart
 13BF:1AE3       _SpawnBJVictory
 13BF:0463       _SpawnBoss
 13BF:0444       _SpawnDeadGuard
 12F5:0243       _SpawnDoor
 13BF:101A       _SpawnFakeHitler
 13BF:0993       _SpawnFat
 13BF:0845       _SpawnGhosts
 13BF:092E       _SpawnGift
 13BF:04B3       _SpawnGretel
 13BF:107F       _SpawnHitler
 1086:0006       _SpawnNewObj
 13BF:0503       _SpawnPatrol
 11E5:0C31       _SpawnPlayer
 13BF:08C9       _SpawnSchabbs
 13BF:02A2       _SpawnStand
 12F5:0012       _SpawnStatic
 398F:A2BE       _spearangle
 398F:A2BC       _spearflag
 398F:A2C4       _spearx
 398F:A2C0       _speary
 398F:A516       _spotvis
 0000:4067       _sprintf
 398F:EA98       _sqActive
 398F:EA94       _sqHack
 398F:EA8E       _sqHackLen
 398F:EA90       _sqHackPtr
 398F:EA8C       _sqHackSeqLen
 398F:EA88       _sqHackTime
 398F:ECD1       _ssActive
 398F:ECCF       _ssControl
 398F:ECCB       _ssData
 398F:ECFD       _ssIsTandy
 398F:ECC1       _ssLengthLeft
 398F:ECD3       _ssNoCheck
 398F:ECC9       _ssOff
 398F:ECCA       _ssOn
 398F:39A0 idle  _ssPort
 398F:ECC5       _ssSample
 398F:ECCD       _ssStatus
 0D09:0C9D       _StartBonusFlash
 06A6:3B7B       _StartCPMusic
 0D09:0CA8       _StartDamageFlash
 0BD4:0B76 idle  _StartDemoRecord
 398F:A030       _StartGame
 398F:9892       _startgame
 398F:1B4A idle  _starthitpoints
 0D09:0AAA       _StartMusic
 398F:1A1E idle  _statinfo
 398F:893C       _statobjlist
 11E5:017C idle  _StatusDrawPic
 398F:DDF3       _stepbytwo
 398F:4DE2       _stepscale
 0D09:0A72       _StopMusic
 398F:98B6       _str
 398F:98A2       _str2
 398F:1A0C idle  _strafeangle
 0000:40A0       _strcat
 0000:40D9       _strlen
 0000:411D       _strtol
 398F:191C idle  _s_attack
 398F:2EB4 idle  _s_bjjump1
 398F:2EC4 idle  _s_bjjump2
 398F:2ED4 idle  _s_bjjump3
 398F:2EE4 idle  _s_bjjump4
 398F:2E54 idle  _s_bjrun1
 398F:2E64 idle  _s_bjrun1s
 398F:2E74 idle  _s_bjrun2
 398F:2E84 idle  _s_bjrun3
 398F:2E94 idle  _s_bjrun3s
 398F:2EA4 idle  _s_bjrun4
 398F:1DDA       _s_blinkychase1
 398F:1DEA idle  _s_blinkychase2
 398F:1C4A idle  _s_boom1
 398F:1C5A idle  _s_boom2
 398F:1C6A idle  _s_boom3
 398F:246A       _s_bosschase1
 398F:247A idle  _s_bosschase1s
 398F:248A idle  _s_bosschase2
 398F:249A idle  _s_bosschase3
 398F:24AA idle  _s_bosschase3s
 398F:24BA idle  _s_bosschase4
 398F:24CA       _s_bossdie1
 398F:24DA idle  _s_bossdie2
 398F:24EA idle  _s_bossdie3
 398F:24FA idle  _s_bossdie4
 398F:250A idle  _s_bossshoot1
 398F:251A idle  _s_bossshoot2
 398F:252A idle  _s_bossshoot3
 398F:253A idle  _s_bossshoot4
 398F:254A idle  _s_bossshoot5
 398F:255A idle  _s_bossshoot6
 398F:256A idle  _s_bossshoot7
 398F:257A idle  _s_bossshoot8
 398F:245A idle  _s_bossstand
 398F:1E3A idle  _s_clydechase1
 398F:1E4A idle  _s_clydechase2
 398F:2EF4       _s_deathcam
 398F:1F0A       _s_dogchase1
 398F:1F1A idle  _s_dogchase1s
 398F:1F2A idle  _s_dogchase2
 398F:1F3A idle  _s_dogchase3
 398F:1F4A idle  _s_dogchase3s
 398F:1F5A idle  _s_dogchase4
 398F:1F9A idle  _s_dogdead
 398F:1F6A       _s_dogdie1
 398F:1F7A idle  _s_dogdie2
 398F:1F8A idle  _s_dogdie3
 398F:1EBA idle  _s_dogjump1
 398F:1ECA idle  _s_dogjump2
 398F:1EDA idle  _s_dogjump3
 398F:1EEA idle  _s_dogjump4
 398F:1EFA idle  _s_dogjump5
 398F:1E5A idle  _s_dogpath1
 398F:1E6A idle  _s_dogpath1s
 398F:1E7A idle  _s_dogpath2
 398F:1E8A idle  _s_dogpath3
 398F:1E9A idle  _s_dogpath3s
 398F:1EAA idle  _s_dogpath4
 398F:2A5C       _s_fakechase1
 398F:2A6C idle  _s_fakechase1s
 398F:2A7C idle  _s_fakechase2
 398F:2A8C idle  _s_fakechase3
 398F:2A9C idle  _s_fakechase3s
 398F:2AAC idle  _s_fakechase4
 398F:2ABC       _s_fakedie1
 398F:2ACC idle  _s_fakedie2
 398F:2ADC idle  _s_fakedie3
 398F:2AEC idle  _s_fakedie4
 398F:2AFC idle  _s_fakedie5
 398F:2B0C idle  _s_fakedie6
 398F:2B1C idle  _s_fakeshoot1
 398F:2B2C idle  _s_fakeshoot2
 398F:2B3C idle  _s_fakeshoot3
 398F:2B4C idle  _s_fakeshoot4
 398F:2B5C idle  _s_fakeshoot5
 398F:2B6C idle  _s_fakeshoot6
 398F:2B7C idle  _s_fakeshoot7
 398F:2B8C idle  _s_fakeshoot8
 398F:2B9C idle  _s_fakeshoot9
 398F:2A4C idle  _s_fakestand
 398F:291C       _s_fatchase1
 398F:292C idle  _s_fatchase1s
 398F:293C idle  _s_fatchase2
 398F:294C idle  _s_fatchase3
 398F:295C idle  _s_fatchase3s
 398F:296C idle  _s_fatchase4
 398F:297C idle  _s_fatdeathcam
 398F:298C       _s_fatdie1
 398F:299C idle  _s_fatdie2
 398F:29AC idle  _s_fatdie3
 398F:29BC idle  _s_fatdie4
 398F:29CC idle  _s_fatdie5
 398F:29DC idle  _s_fatdie6
 398F:29EC idle  _s_fatshoot1
 398F:29FC idle  _s_fatshoot2
 398F:2A0C idle  _s_fatshoot3
 398F:2A1C idle  _s_fatshoot4
 398F:2A2C idle  _s_fatshoot5
 398F:2A3C idle  _s_fatshoot6
 398F:290C idle  _s_fatstand
 398F:2BAC idle  _s_fire1
 398F:2BBC idle  _s_fire2
 398F:281C       _s_giftchase1
 398F:282C idle  _s_giftchase1s
 398F:283C idle  _s_giftchase2
 398F:284C idle  _s_giftchase3
 398F:285C idle  _s_giftchase3s
 398F:286C idle  _s_giftchase4
 398F:287C idle  _s_giftdeathcam
 398F:288C       _s_giftdie1
 398F:289C idle  _s_giftdie2
 398F:28AC idle  _s_giftdie3
 398F:28BC idle  _s_giftdie4
 398F:28CC idle  _s_giftdie5
 398F:28DC idle  _s_giftdie6
 398F:28EC idle  _s_giftshoot1
 398F:28FC idle  _s_giftshoot2
 398F:280C idle  _s_giftstand
 398F:1D3A       _s_grdchase1
 398F:1D4A idle  _s_grdchase1s
 398F:1D5A idle  _s_grdchase2
 398F:1D6A idle  _s_grdchase3
 398F:1D7A idle  _s_grdchase3s
 398F:1D8A idle  _s_grdchase4
 398F:1D9A       _s_grddie1
 398F:1DAA idle  _s_grddie2
 398F:1DBA idle  _s_grddie3
 398F:1DCA idle  _s_grddie4
 398F:1CEA       _s_grdpain
 398F:1CFA       _s_grdpain1
 398F:1C8A idle  _s_grdpath1
 398F:1C9A idle  _s_grdpath1s
 398F:1CAA idle  _s_grdpath2
 398F:1CBA idle  _s_grdpath3
 398F:1CCA idle  _s_grdpath3s
 398F:1CDA idle  _s_grdpath4
 398F:1D0A idle  _s_grdshoot1
 398F:1D1A idle  _s_grdshoot2
 398F:1D2A idle  _s_grdshoot3
 398F:1C7A idle  _s_grdstand
 398F:259A       _s_gretelchase1
 398F:25AA idle  _s_gretelchase1s
 398F:25BA idle  _s_gretelchase2
 398F:25CA idle  _s_gretelchase3
 398F:25DA idle  _s_gretelchase3s
 398F:25EA idle  _s_gretelchase4
 398F:25FA       _s_greteldie1
 398F:260A idle  _s_greteldie2
 398F:261A idle  _s_greteldie3
 398F:262A idle  _s_greteldie4
 398F:263A idle  _s_gretelshoot1
 398F:264A idle  _s_gretelshoot2
 398F:265A idle  _s_gretelshoot3
 398F:266A idle  _s_gretelshoot4
 398F:267A idle  _s_gretelshoot5
 398F:268A idle  _s_gretelshoot6
 398F:269A idle  _s_gretelshoot7
 398F:26AA idle  _s_gretelshoot8
 398F:258A idle  _s_gretelstand
 398F:2CDC       _s_hitlerchase1
 398F:2CEC idle  _s_hitlerchase1s
 398F:2CFC idle  _s_hitlerchase2
 398F:2D0C idle  _s_hitlerchase3
 398F:2D1C idle  _s_hitlerchase3s
 398F:2D2C idle  _s_hitlerchase4
 398F:2D3C idle  _s_hitlerdeathcam
 398F:2D4C       _s_hitlerdie1
 398F:2DDC idle  _s_hitlerdie10
 398F:2D5C idle  _s_hitlerdie2
 398F:2D6C idle  _s_hitlerdie3
 398F:2D7C idle  _s_hitlerdie4
 398F:2D8C idle  _s_hitlerdie5
 398F:2D9C idle  _s_hitlerdie6
 398F:2DAC idle  _s_hitlerdie7
 398F:2DBC idle  _s_hitlerdie8
 398F:2DCC idle  _s_hitlerdie9
 398F:2DEC idle  _s_hitlershoot1
 398F:2DFC idle  _s_hitlershoot2
 398F:2E0C idle  _s_hitlershoot3
 398F:2E1C idle  _s_hitlershoot4
 398F:2E2C idle  _s_hitlershoot5
 398F:2E3C idle  _s_hitlershoot6
 398F:1DFA idle  _s_inkychase1
 398F:1E0A idle  _s_inkychase2
 398F:2BDC       _s_mechachase1
 398F:2BEC idle  _s_mechachase1s
 398F:2BFC idle  _s_mechachase2
 398F:2C0C idle  _s_mechachase3
 398F:2C1C idle  _s_mechachase3s
 398F:2C2C idle  _s_mechachase4
 398F:2C3C       _s_mechadie1
 398F:2C4C idle  _s_mechadie2
 398F:2C5C idle  _s_mechadie3
 398F:2C6C idle  _s_mechadie4
 398F:2C7C idle  _s_mechashoot1
 398F:2C8C idle  _s_mechashoot2
 398F:2C9C idle  _s_mechashoot3
 398F:2CAC idle  _s_mechashoot4
 398F:2CBC idle  _s_mechashoot5
 398F:2CCC idle  _s_mechashoot6
 398F:2BCC idle  _s_mechastand
 398F:21EA       _s_mutchase1
 398F:21FA idle  _s_mutchase1s
 398F:220A idle  _s_mutchase2
 398F:221A idle  _s_mutchase3
 398F:222A idle  _s_mutchase3s
 398F:223A idle  _s_mutchase4
 398F:224A       _s_mutdie1
 398F:225A idle  _s_mutdie2
 398F:226A idle  _s_mutdie3
 398F:227A idle  _s_mutdie4
 398F:228A idle  _s_mutdie5
 398F:218A       _s_mutpain
 398F:219A       _s_mutpain1
 398F:212A idle  _s_mutpath1
 398F:213A idle  _s_mutpath1s
 398F:214A idle  _s_mutpath2
 398F:215A idle  _s_mutpath3
 398F:216A idle  _s_mutpath3s
 398F:217A idle  _s_mutpath4
 398F:21AA idle  _s_mutshoot1
 398F:21BA idle  _s_mutshoot2
 398F:21CA idle  _s_mutshoot3
 398F:21DA idle  _s_mutshoot4
 398F:211A idle  _s_mutstand
 398F:27CC idle  _s_needle1
 398F:27DC idle  _s_needle2
 398F:27EC idle  _s_needle3
 398F:27FC idle  _s_needle4
 398F:206A       _s_ofcchase1
 398F:207A idle  _s_ofcchase1s
 398F:208A idle  _s_ofcchase2
 398F:209A idle  _s_ofcchase3
 398F:20AA idle  _s_ofcchase3s
 398F:20BA idle  _s_ofcchase4
 398F:20CA       _s_ofcdie1
 398F:20DA idle  _s_ofcdie2
 398F:20EA idle  _s_ofcdie3
 398F:20FA idle  _s_ofcdie4
 398F:210A idle  _s_ofcdie5
 398F:201A       _s_ofcpain
 398F:202A       _s_ofcpain1
 398F:1FBA idle  _s_ofcpath1
 398F:1FCA idle  _s_ofcpath1s
 398F:1FDA idle  _s_ofcpath2
 398F:1FEA idle  _s_ofcpath3
 398F:1FFA idle  _s_ofcpath3s
 398F:200A idle  _s_ofcpath4
 398F:203A idle  _s_ofcshoot1
 398F:204A idle  _s_ofcshoot2
 398F:205A idle  _s_ofcshoot3
 398F:1FAA idle  _s_ofcstand
 398F:1E1A idle  _s_pinkychase1
 398F:1E2A idle  _s_pinkychase2
 398F:190C idle  _s_player
 398F:1BFA idle  _s_rocket
 398F:26DC       _s_schabbchase1
 398F:26EC idle  _s_schabbchase1s
 398F:26FC idle  _s_schabbchase2
 398F:270C idle  _s_schabbchase3
 398F:271C idle  _s_schabbchase3s
 398F:272C idle  _s_schabbchase4
 398F:273C idle  _s_schabbdeathcam
 398F:274C       _s_schabbdie1
 398F:275C idle  _s_schabbdie2
 398F:276C idle  _s_schabbdie3
 398F:277C idle  _s_schabbdie4
 398F:278C idle  _s_schabbdie5
 398F:279C idle  _s_schabbdie6
 398F:27AC idle  _s_schabbshoot1
 398F:27BC idle  _s_schabbshoot2
 398F:26CC idle  _s_schabbstand
 398F:1C0A idle  _s_smoke1
 398F:1C1A idle  _s_smoke2
 398F:1C2A idle  _s_smoke3
 398F:1C3A idle  _s_smoke4
 398F:23BA       _s_sschase1
 398F:23CA idle  _s_sschase1s
 398F:23DA idle  _s_sschase2
 398F:23EA idle  _s_sschase3
 398F:23FA idle  _s_sschase3s
 398F:240A idle  _s_sschase4
 398F:241A       _s_ssdie1
 398F:242A idle  _s_ssdie2
 398F:243A idle  _s_ssdie3
 398F:244A idle  _s_ssdie4
 398F:230A       _s_sspain
 398F:231A       _s_sspain1
 398F:22AA idle  _s_sspath1
 398F:22BA idle  _s_sspath1s
 398F:22CA idle  _s_sspath2
 398F:22DA idle  _s_sspath3
 398F:22EA idle  _s_sspath3s
 398F:22FA idle  _s_sspath4
 398F:232A idle  _s_ssshoot1
 398F:233A idle  _s_ssshoot2
 398F:234A idle  _s_ssshoot3
 398F:235A idle  _s_ssshoot4
 398F:236A idle  _s_ssshoot5
 398F:237A idle  _s_ssshoot6
 398F:238A idle  _s_ssshoot7
 398F:239A idle  _s_ssshoot8
 398F:23AA idle  _s_ssshoot9
 398F:229A idle  _s_ssstand
 398F:ECE3       _t0OldService
 11E5:031C       _TakeDamage
 0000:0F9B       _tan
 398F:9B89       _tedlevel
 398F:9B87       _tedlevelnum
 398F:9E9A       _text
 0EC9:0E45       _ThreeDRefresh
 11E5:09BF idle  _Thrust
 398F:E00D       _thrustspeed
 06A6:367F idle  _TicDelay
 398F:A2CA       _tics
 398F:168C       _tileglobal
 398F:D9B4       _tilehit
 398F:75BA       _tilemap
 398F:9EDE       _TimeCount
 060A:00B2 idle  _TimedPicCommand
 398F:ECF3       _TimerCount
 398F:ECF7       _TimerDivisor
 398F:ECDD       _TimerRate
 398F:E824       _tinf
 0000:18D8       _tolower
 0000:1904       _toupper
 06A6:10B6 idle  _TrackWhichGame
 0EC9:0043 idle  _TransformActor
 0EC9:014A idle  _TransformTile
 11E5:076C idle  _TryMove
 1086:00CE       _TryWalk
 11E5:0F08 idle  _T_Attack
 13BF:1A48 idle  _T_Bite
 13BF:1BF7 idle  _T_BJDone
 13BF:1BB6 idle  _T_BJJump
 13BF:1B2E idle  _T_BJRun
 13BF:1BDB idle  _T_BJYell
 13BF:136A idle  _T_Chase
 13BF:162B idle  _T_DogChase
 13BF:129B idle  _T_Fake
 13BF:11A0 idle  _T_FakeFire
 13BF:0EB6 idle  _T_Fat
 13BF:1597 idle  _T_Ghosts
 13BF:0D52 idle  _T_Gift
 13BF:0AF3 idle  _T_GiftThrow
 13BF:177F idle  _T_Path
 11E5:108F idle  _T_Player
 13BF:00E6 idle  _T_Projectile
 13BF:0BEE idle  _T_Schabb
 13BF:09F8 idle  _T_SchabbThrow
 13BF:1890 idle  _T_Shoot
 13BF:135A idle  _T_Stand
 0000:38DB       _ultoa
 398F:E87C       _UMBbase
 06A6:2E4F       _UnCacheLump
 0000:1930       _unlink
 398F:54B6       _update
 11E5:0233 idle  _UpdateFace
 0D09:0CB4 idle  _UpdatePaletteShifts
 398F:9B79       _updateptr
 0BD4:0137       _UpdateSoundLoc
 398F:3D16 idle  _USL_DrawString
 1B4B:0004 idle  _USL_HardError
 398F:3D12       _USL_MeasureString
 1B4B:03AA idle  _USL_PrintInCenter
 1B4B:063D idle  _US_CenterWindow
 1B4B:0211       _US_CheckParm
 1B4B:04FC       _US_ClearWindow
 06A6:0009       _US_ControlPanel
 1B4B:049D       _US_CPrint
 1B4B:0444 idle  _US_CPrintLine
 1B4B:0527       _US_DrawWindow
 1C03:0002       _US_InitRndT
 1B4B:0750       _US_LineInput
 1B4B:02CC       _US_Print
 1B4B:0404       _US_PrintCentered
 1B4B:0387 idle  _US_PrintSigned
 1B4B:0364       _US_PrintUnsigned
 1B4B:068E idle  _US_RestoreWindow
 1C03:002A       _US_RndT
 1B4B:0661 idle  _US_SaveWindow
 1B4B:02B7 idle  _US_SetPrintRoutines
 1B4B:01FF       _US_Shutdown
 1B4B:012F       _US_Startup
 398F:9B5F       _uwidthtable
 398F:53AA       _vertwall
 398F:1698 idle  _vgaCeiling
 0EC9:0957 idle  _VGAClearScreen
 1D6F:000A       _VH_UpdateScreen
 0A93:0033       _Victory
 11E5:0E69 idle  _VictorySpin
 11E5:09AF idle  _VictoryTile
 398F:DDE0       _viewangle
 398F:503A       _viewcos
 398F:52CE       _viewheight
 398F:503E       _viewsin
 398F:54AA       _viewsize
 398F:D9CC       _viewtx
 398F:D9CA       _viewty
 398F:D84E       _viewtype
 398F:52D0       _viewwidth
 398F:5046       _viewx
 398F:5042       _viewy
 398F:9890       _virtualreality
 398F:D86E       _vislist
 398F:D86C       _visptr
 398F:D86A       _visstep
 1C07:0641       _VL_Bar
 1C07:0096 idle  _VL_ClearVideo
 1C07:04A2       _VL_ColorBorder
 1C07:00C0 idle  _VL_DePlaneVGA
 1C07:0A34 idle  _VL_DrawLatch8String
 1C07:0917 idle  _VL_DrawTile8String
 1C07:0373       _VL_FadeIn
 1C07:0255       _VL_FadeOut
 1C07:0197 idle  _VL_FillPalette
 1C07:01D7 idle  _VL_GetColor
 1C07:0234 idle  _VL_GetPalette
 1C07:0501       _VL_Hlin
 1C07:08AE       _VL_LatchToScreen
 1C07:0828 idle  _VL_MaskedToScreen
 1C07:0742       _VL_MemToLatch
 1C07:0795       _VL_MemToScreen
 1CB7:0249       _VL_MungePic
 1C07:04B6       _VL_Plot
 1D46:00AE       _VL_ScreenToScreen
 1C07:01BC idle  _VL_SetColor
 1D46:001D idle  _VL_SetCRTC
 1C07:0117 idle  _VL_SetLineWidth
 1C07:0202       _VL_SetPalette
 1D46:0041       _VL_SetScreen
 1C07:014B idle  _VL_SetSplitScreen
 1C07:008C idle  _VL_SetTextMode
 1C07:0069       _VL_SetVGAPlaneMode
 1C07:005F       _VL_Shutdown
 1C07:0AE0 idle  _VL_SizeTile8String
 1C07:0005       _VL_Startup
 1C07:0447       _VL_TestPaletteSet
 1D46:012E       _VL_VideoID
 1C07:05DA       _VL_Vlin
 1D46:0006       _VL_WaitVBL
 0000:4084 idle  _vsprintf
 1CB7:056C       _VWB_Bar
 1CB7:04CB       _VWB_DrawPic
 1CB7:0537       _VWB_DrawPropString
 1CB7:043F       _VWB_DrawTile8
 1CB7:0484 idle  _VWB_DrawTile8M
 1CB7:05D3       _VWB_Hlin
 1CB7:05A8       _VWB_Plot
 1CB7:0607       _VWB_Vlin
 1CB7:0304 idle  _VWL_MeasureString
 1CB7:0125 idle  _VW_DrawColorPropString
 1CB7:0009 idle  _VW_DrawPropString
 1CB7:0384       _VW_MarkUpdateBlock
 1CB7:0364 idle  _VW_MeasureMPropString
 1CB7:0344       _VW_MeasurePropString
 1CB7:063B       _VW_UpdateScreen
 06A6:37B2 idle  _WaitKeyUp
 398F:504A       _wallheight
 0EC9:0D5B idle  _WallRefresh
 398F:1710 idle  _weaponscale
 0000:319A idle  _wherex
 0000:31A9 idle  _wherey
 34E2:0000       _whiteshifts
 398F:A046       _WindowH
 398F:9B7B       _WindowW
 398F:9B7F       _WindowX
 398F:9B7D       _WindowY
 398F:177A idle  _wordmasks
 398F:DDF5       _work
 0000:433A       _write
 0A93:0483       _Write
 0489:0213 idle  _WriteConfig
 398F:D9A6       _xintercept
 398F:D9B8       _xinttile
 398F:E892       _XMSaddr
 398F:E8D2       _XMSAvail
 398F:E8CC       _XMSDriver
 398F:E8D0       _XMSHandle
 398F:A296       _XMSPagesAvail
 398F:E8C4       _XMSPagesUsed
 398F:A29A       _XMSPresent
 398F:3510 idle  _XMSProtectPage
 398F:D9C4       _xpartial
 398F:D9BE       _xpartialdown
 398F:D9C0       _xpartialup
 398F:D99E       _xstep
 398F:D9B0       _xtile
 398F:D9AC       _xtilestep
 398F:D9A2       _yintercept
 398F:D9B6       _yinttile
 398F:EE17       _ylookup
 398F:D9C2       _ypartial
 398F:D9BA       _ypartialdown
 398F:D9BC       _ypartialup
 398F:D99A       _ystep
 398F:D9AE       _ytile
 398F:D9AA       _ytilestep
 398F:4090       __8087
 0000:1000 idle  __AHINCR
 0000:000C idle  __AHSHIFT
 398F:4724       __argc
 398F:4726       __argv
 398F:4380       __atexitcnt
 398F:4944       __atexittbl
 0000:2617       __brk
 398F:00D1       __brklvl
 398F:00B3       __C0argc
 398F:00B5       __C0argv
 0000:2083 idle  __c0crtinit
 398F:00B7       __C0environ
 0000:12CB idle  __cexit
 0000:0189       __checknull
 0000:3249       __chmod
 0000:0176       __cleanup
 0000:328C       __close
 0000:20A0 idle  __crtinit
 398F:4382       __ctype
 0000:0000  Abs  __cvtfak
 0000:12D9 idle  __c_exit
 398F:40A4       __default87
 398F:4602       __doserrno
 0000:14D3       __DOSERROR
 398F:4604 idle  __dosErrorToSV
 0000:11FD idle  __dos_getdate
 0000:118F       __dos_getdiskfree
 0000:11C5       __dos_getfileattr
 0000:1216       __dos_gettime
 0000:11E2 idle  __dos_setfileattr
 0000:122F       __dos_write
[...]
 398F:1FDA idle  _s_ofcpath2
 398F:1FEA idle  _s_ofcpath3
 398F:1FFA idle  _s_ofcpath3s
 398F:200A idle  _s_ofcpath4
 398F:201A       _s_ofcpain
 398F:202A       _s_ofcpain1
 398F:203A idle  _s_ofcshoot1
 398F:204A idle  _s_ofcshoot2
 398F:205A idle  _s_ofcshoot3
 398F:206A       _s_ofcchase1
 398F:207A idle  _s_ofcchase1s
 398F:208A idle  _s_ofcchase2
 398F:209A idle  _s_ofcchase3
 398F:20AA idle  _s_ofcchase3s
 398F:20BA idle  _s_ofcchase4
 398F:20CA       _s_ofcdie1
 398F:20DA idle  _s_ofcdie2
 398F:20EA idle  _s_ofcdie3
 398F:20FA idle  _s_ofcdie4
 398F:210A idle  _s_ofcdie5
 398F:211A idle  _s_mutstand
 398F:212A idle  _s_mutpath1
 398F:213A idle  _s_mutpath1s
 398F:214A idle  _s_mutpath2
 398F:215A idle  _s_mutpath3
 398F:216A idle  _s_mutpath3s
 398F:217A idle  _s_mutpath4
 398F:218A       _s_mutpain
 398F:219A       _s_mutpain1
 398F:21AA idle  _s_mutshoot1
 398F:21BA idle  _s_mutshoot2
 398F:21CA idle  _s_mutshoot3
 398F:21DA idle  _s_mutshoot4
 398F:21EA       _s_mutchase1
 398F:21FA idle  _s_mutchase1s
 398F:220A idle  _s_mutchase2
 398F:221A idle  _s_mutchase3
 398F:222A idle  _s_mutchase3s
 398F:223A idle  _s_mutchase4
 398F:224A       _s_mutdie1
 398F:225A idle  _s_mutdie2
 398F:226A idle  _s_mutdie3
 398F:227A idle  _s_mutdie4
 398F:228A idle  _s_mutdie5
 398F:229A idle  _s_ssstand
 398F:22AA idle  _s_sspath1
 398F:22BA idle  _s_sspath1s
 398F:22CA idle  _s_sspath2
 398F:22DA idle  _s_sspath3
 398F:22EA idle  _s_sspath3s
 398F:22FA idle  _s_sspath4
 398F:230A       _s_sspain
 398F:231A       _s_sspain1
 398F:232A idle  _s_ssshoot1
 398F:233A idle  _s_ssshoot2
 398F:234A idle  _s_ssshoot3
 398F:235A idle  _s_ssshoot4
 398F:236A idle  _s_ssshoot5
 398F:237A idle  _s_ssshoot6
 398F:238A idle  _s_ssshoot7
 398F:239A idle  _s_ssshoot8
 398F:23AA idle  _s_ssshoot9
 398F:23BA       _s_sschase1
 398F:23CA idle  _s_sschase1s
 398F:23DA idle  _s_sschase2
 398F:23EA idle  _s_sschase3
 398F:23FA idle  _s_sschase3s
 398F:240A idle  _s_sschase4
 398F:241A       _s_ssdie1
 398F:242A idle  _s_ssdie2
 398F:243A idle  _s_ssdie3
 398F:244A idle  _s_ssdie4
 398F:245A idle  _s_bossstand
 398F:246A       _s_bosschase1
 398F:247A idle  _s_bosschase1s
 398F:248A idle  _s_bosschase2
 398F:249A idle  _s_bosschase3
 398F:24AA idle  _s_bosschase3s
 398F:24BA idle  _s_bosschase4
 398F:24CA       _s_bossdie1
 398F:24DA idle  _s_bossdie2
 398F:24EA idle  _s_bossdie3
 398F:24FA idle  _s_bossdie4
 398F:250A idle  _s_bossshoot1
 398F:251A idle  _s_bossshoot2
 398F:252A idle  _s_bossshoot3
 398F:253A idle  _s_bossshoot4
 398F:254A idle  _s_bossshoot5
 398F:255A idle  _s_bossshoot6
 398F:256A idle  _s_bossshoot7
 398F:257A idle  _s_bossshoot8
 398F:258A idle  _s_gretelstand
 398F:259A       _s_gretelchase1
 398F:25AA idle  _s_gretelchase1s
 398F:25BA idle  _s_gretelchase2
 398F:25CA idle  _s_gretelchase3
 398F:25DA idle  _s_gretelchase3s
 398F:25EA idle  _s_gretelchase4
 398F:25FA       _s_greteldie1
 398F:260A idle  _s_greteldie2
 398F:261A idle  _s_greteldie3
 398F:262A idle  _s_greteldie4
 398F:263A idle  _s_gretelshoot1
 398F:264A idle  _s_gretelshoot2
 398F:265A idle  _s_gretelshoot3
 398F:266A idle  _s_gretelshoot4
 398F:267A idle  _s_gretelshoot5
 398F:268A idle  _s_gretelshoot6
 398F:269A idle  _s_gretelshoot7
 398F:26AA idle  _s_gretelshoot8
 398F:26CC idle  _s_schabbstand
 398F:26DC       _s_schabbchase1
 398F:26EC idle  _s_schabbchase1s
 398F:26FC idle  _s_schabbchase2
 398F:270C idle  _s_schabbchase3
 398F:271C idle  _s_schabbchase3s
 398F:272C idle  _s_schabbchase4
 398F:273C idle  _s_schabbdeathcam
 398F:274C       _s_schabbdie1
 398F:275C idle  _s_schabbdie2
 398F:276C idle  _s_schabbdie3
 398F:277C idle  _s_schabbdie4
 398F:278C idle  _s_schabbdie5
 398F:279C idle  _s_schabbdie6
 398F:27AC idle  _s_schabbshoot1
 398F:27BC idle  _s_schabbshoot2
 398F:27CC idle  _s_needle1
 398F:27DC idle  _s_needle2
 398F:27EC idle  _s_needle3
 398F:27FC idle  _s_needle4
 398F:280C idle  _s_giftstand
 398F:281C       _s_giftchase1
 398F:282C idle  _s_giftchase1s
 398F:283C idle  _s_giftchase2
 398F:284C idle  _s_giftchase3
 398F:285C idle  _s_giftchase3s
 398F:286C idle  _s_giftchase4
 398F:287C idle  _s_giftdeathcam
 398F:288C       _s_giftdie1
 398F:289C idle  _s_giftdie2
 398F:28AC idle  _s_giftdie3
 398F:28BC idle  _s_giftdie4
 398F:28CC idle  _s_giftdie5
 398F:28DC idle  _s_giftdie6
 398F:28EC idle  _s_giftshoot1
 398F:28FC idle  _s_giftshoot2
 398F:290C idle  _s_fatstand
 398F:291C       _s_fatchase1
 398F:292C idle  _s_fatchase1s
 398F:293C idle  _s_fatchase2
 398F:294C idle  _s_fatchase3
 398F:295C idle  _s_fatchase3s
 398F:296C idle  _s_fatchase4
 398F:297C idle  _s_fatdeathcam
 398F:298C       _s_fatdie1
 398F:299C idle  _s_fatdie2
 398F:29AC idle  _s_fatdie3
 398F:29BC idle  _s_fatdie4
 398F:29CC idle  _s_fatdie5
 398F:29DC idle  _s_fatdie6
 398F:29EC idle  _s_fatshoot1
 398F:29FC idle  _s_fatshoot2
 398F:2A0C idle  _s_fatshoot3
 398F:2A1C idle  _s_fatshoot4
 398F:2A2C idle  _s_fatshoot5
 398F:2A3C idle  _s_fatshoot6
 398F:2A4C idle  _s_fakestand
 398F:2A5C       _s_fakechase1
 398F:2A6C idle  _s_fakechase1s
 398F:2A7C idle  _s_fakechase2
 398F:2A8C idle  _s_fakechase3
 398F:2A9C idle  _s_fakechase3s
 398F:2AAC idle  _s_fakechase4
 398F:2ABC       _s_fakedie1
 398F:2ACC idle  _s_fakedie2
 398F:2ADC idle  _s_fakedie3
 398F:2AEC idle  _s_fakedie4
 398F:2AFC idle  _s_fakedie5
 398F:2B0C idle  _s_fakedie6
 398F:2B1C idle  _s_fakeshoot1
 398F:2B2C idle  _s_fakeshoot2
 398F:2B3C idle  _s_fakeshoot3
 398F:2B4C idle  _s_fakeshoot4
 398F:2B5C idle  _s_fakeshoot5
 398F:2B6C idle  _s_fakeshoot6
 398F:2B7C idle  _s_fakeshoot7
 398F:2B8C idle  _s_fakeshoot8
 398F:2B9C idle  _s_fakeshoot9
 398F:2BAC idle  _s_fire1
 398F:2BBC idle  _s_fire2
 398F:2BCC idle  _s_mechastand
 398F:2BDC       _s_mechachase1
 398F:2BEC idle  _s_mechachase1s
 398F:2BFC idle  _s_mechachase2
 398F:2C0C idle  _s_mechachase3
 398F:2C1C idle  _s_mechachase3s
 398F:2C2C idle  _s_mechachase4
 398F:2C3C       _s_mechadie1
 398F:2C4C idle  _s_mechadie2
 398F:2C5C idle  _s_mechadie3
 398F:2C6C idle  _s_mechadie4
 398F:2C7C idle  _s_mechashoot1
 398F:2C8C idle  _s_mechashoot2
 398F:2C9C idle  _s_mechashoot3
 398F:2CAC idle  _s_mechashoot4
 398F:2CBC idle  _s_mechashoot5
 398F:2CCC idle  _s_mechashoot6
 398F:2CDC       _s_hitlerchase1
 398F:2CEC idle  _s_hitlerchase1s
 398F:2CFC idle  _s_hitlerchase2
 398F:2D0C idle  _s_hitlerchase3
 398F:2D1C idle  _s_hitlerchase3s
 398F:2D2C idle  _s_hitlerchase4
 398F:2D3C idle  _s_hitlerdeathcam
 398F:2D4C       _s_hitlerdie1
 398F:2D5C idle  _s_hitlerdie2
 398F:2D6C idle  _s_hitlerdie3
 398F:2D7C idle  _s_hitlerdie4
 398F:2D8C idle  _s_hitlerdie5
 398F:2D9C idle  _s_hitlerdie6
 398F:2DAC idle  _s_hitlerdie7
 398F:2DBC idle  _s_hitlerdie8
 398F:2DCC idle  _s_hitlerdie9
 398F:2DDC idle  _s_hitlerdie10
 398F:2DEC idle  _s_hitlershoot1
 398F:2DFC idle  _s_hitlershoot2
 398F:2E0C idle  _s_hitlershoot3
 398F:2E1C idle  _s_hitlershoot4
 398F:2E2C idle  _s_hitlershoot5
 398F:2E3C idle  _s_hitlershoot6
 398F:2E54 idle  _s_bjrun1
 398F:2E64 idle  _s_bjrun1s
 398F:2E74 idle  _s_bjrun2
 398F:2E84 idle  _s_bjrun3
 398F:2E94 idle  _s_bjrun3s
 398F:2EA4 idle  _s_bjrun4
 398F:2EB4 idle  _s_bjjump1
 398F:2EC4 idle  _s_bjjump2
 398F:2ED4 idle  _s_bjjump3
 398F:2EE4 idle  _s_bjjump4
 398F:2EF4       _s_deathcam
 398F:2F4A       _gamepal
 398F:324A       _audioname
 398F:3257 idle  _gheadname
 398F:3261 idle  _gfilename
 398F:326B idle  _gdictname
 398F:3275 idle  _mheadname
 398F:327F idle  _mfilename
 398F:3289 idle  _aheadname
 398F:3293 idle  _afilename
 398F:3354 idle  _KbdDefs
 398F:335E idle  _DemoMode
 398F:3510 idle  _XMSProtectPage
 398F:3512       _PageFileName
 398F:3520 idle  _PageFile
 398F:352A idle  _EMMDriverName
 398F:39A0 idle  _ssPort
 398F:3D12       _USL_MeasureString
 398F:3D16 idle  _USL_DrawString
 398F:3D1A       _Scores
 398F:3FC4       _screenseg
 398F:3FCA idle  _pixmasks
 398F:3FCE idle  _leftmasks
 398F:3FD2 idle  _rightmasks
 398F:4090       __8087
 398F:40A0       __protected
 398F:40A1       __LDT
 398F:40A4       __default87
 398F:40A6 idle  __huge_flt
 398F:40AA       __huge_dble
 398F:40B2 idle  __huge_ldble
 398F:40BC idle  __indefinite
 398F:40C0 idle  __tiny_ldble
 398F:40CA       __mathwhy
 398F:4270       __emu
 398F:4380       __atexitcnt
 398F:4382       __ctype
 398F:4484       __exitbuf
 398F:4488       __exitfopen
 398F:448C       __exitopen
 398F:4490       __streams
 398F:45D0       __nfile
 398F:45D2       __openfd
 398F:45FA       __fmode
 398F:45FC       __notUmask
 398F:45FE       __fpstklen
 398F:4600       __heaplen
 398F:4602       __doserrno
 398F:4604 idle  __dosErrorToSV
 398F:4668       __stklen
 398F:46D2       __video
 398F:46E1       _directvideo
 398F:471E idle  __first
 398F:4720 idle  __last
 398F:4722 idle  __rover
 398F:4724       __argc
 398F:4726       __argv
 398F:4732       _environ
 398F:473A       __RealCvtVector
 398F:473E idle  __ScanTodVector
 398F:4944       __atexittbl
 398F:49D2       ___SignalPtr
 398F:49E4       _mr_dest
 398F:49E6       _mr_yfrac
 398F:49E8       _mr_xfrac
 398F:49EA       _mr_ystep
 398F:49EC       _mr_xstep
 398F:49EE       _mr_count
 398F:49F0       _mr_rowofs
 398F:49F2       _pcos
 398F:49F6       _psin
 398F:49FA       _mirrorofs
 398F:4AC2       _planeylookup
 398F:4C52       _basedist
 398F:4DE2       _stepscale
 398F:4F72       _spanstart
 398F:503A       _viewcos
 398F:503E       _viewsin
 398F:5042       _viewy
 398F:5046       _viewx
 398F:504A       _wallheight
 398F:52CA       _scale
 398F:52CE       _viewheight
 398F:52D0       _viewwidth
 398F:52D2       _menuitems
 398F:52D4       _bufferofs
 398F:52D6       _pwalldir
 398F:52D8       _pwally
 398F:52DA       _pwallx
 398F:52DC       _areabyplayer
 398F:5326       _pwallstate
 398F:5328       _doorposition
 398F:53A8       _pwallpos
 398F:53AA       _vertwall
 398F:542A       _horizwall
 398F:54AA       _viewsize
 398F:54AC       _joystickport
 398F:54AE       _joystickprogressive
 398F:54B0       _joypadenabled
 398F:54B2       _joystickenabled
 398F:54B4       _mouseenabled
 398F:54B6       _update
 398F:55BA       _actorat
 398F:75BA       _tilemap
 398F:85BA       _nearmapylookup
 398F:863A       _farmapylookup
 398F:86BA       _doorobjlist
 398F:893A       _laststatobj
 398F:893C       _statobjlist
 398F:95BC       _player
 398F:95BE       _new
 398F:95C0       _playstate
 398F:95C2       _gamestate
 398F:9604       _minheightdiv
 398F:9606       _heightnumerator
 398F:960A       _maxslope
 398F:960E       _pixelangle
 398F:988E       _mouseadjustment
 398F:9890       _virtualreality
 398F:9892       _startgame
 398F:9894       _shootdelta
 398F:9896       _centerx
 398F:9898       _screenofs
 398F:989A       _focallength
 398F:989E       _IsA386
 398F:98A0       _nospr
 398F:98A2       _str2
 398F:98B6       _str
 398F:9906       _LevelRatios
 398F:9956       _backcolor
 398F:9957       _blockstarts
 398F:9B5F       _uwidthtable
 398F:9B79       _updateptr
 398F:9B7B       _WindowW
 398F:9B7D       _WindowY
 398F:9B7F       _WindowX
 398F:9B81       _PrintY
 398F:9B83       _NoWait
 398F:9B85       _loadedgame
 398F:9B87       _tedlevelnum
 398F:9B89       _tedlevel
 398F:9B8B       _DigiMap
 398F:9C39       _MusicMode
 398F:9C3B       _DigiMode
 398F:9C3D       _SoundMode
 398F:9C3F       _SoundBlasterPresent
 398F:9C41       _SoundSourcePresent
 398F:9C43       _AdLibPresent
 398F:9C45       _JoysPresent
 398F:9C49       _MousePresent
 398F:9C4B       _Keyboard
 398F:9D4B       _fontnumber
 398F:9D4D       _fontcolor
 398F:9D4E       _displayofs
 398F:9D50       _grsegs
 398F:9E7A       _mminfo
 398F:9E8E       _layoutdone
 398F:9E90       _picdelay
 398F:9E92       _picnum
 398F:9E94       _picy
 398F:9E96       _picx
 398F:9E98       _rowon
 398F:9E9A       _text
 398F:9E9E       _rightmargin
 398F:9EBC       _leftmargin
 398F:9EDA       _numpages
 398F:9EDC       _pagenum
 398F:9EDE       _TimeCount
 398F:9EE2       _LastScan
 398F:9EE3       _py
 398F:9EE5       _px
 398F:9EE7       _pictable
 398F:9EE9       _ca_levelbit
 398F:9EEA       _pickquick
 398F:9EEC       _lasttimecount
 398F:9EF0       _SaveGameNames
 398F:A030       _StartGame
 398F:A032       _SaveGamesAvail
 398F:A046       _WindowH
 398F:A048       _PrintX
 398F:A04A       _ingame
 398F:A04C       _LastASCII
 398F:A04D       _Paused
 398F:A04F       _extension
 398F:A054       _audiosegs
 398F:A294       _EMSPagesAvail
 398F:A296       _XMSPagesAvail
 398F:A298       _EMSPresent
 398F:A29A       _XMSPresent
 398F:A29C       _mmerror
 398F:A29E       _mapon
 398F:A2A0       _rightchannel
 398F:A2A2       _leftchannel
 398F:A2A4       _globalsoundy
 398F:A2A8       _globalsoundx
 398F:A2AC       _demobuffer
 398F:A2AE       _lastdemoptr
 398F:A2B2       _demoptr
 398F:A2B6       _demoplayback
 398F:A2B8       _demorecord
 398F:A2BA       _killerobj
 398F:A2BC       _spearflag
 398F:A2BE       _spearangle
 398F:A2C0       _speary
 398F:A2C4       _spearx
 398F:A2C8       _fizzlein
 398F:A2CA       _tics
 398F:A2CC       _mapheight
 398F:A2CE       _mapwidth
 398F:A2D0       _SoundPositioned
 398F:A2D2       _latchpics
 398F:A39A       _mapheaderseg
 398F:A412       _mapsegs
 398F:A416       _funnyticount
 398F:A41A       _palshifted
 398F:A41C       _bonuscount
 398F:A41E       _damagecount
 398F:A420       _objcount
 398F:A422       _dummyobj
 398F:A45E       _mapwidthtable
 398F:A4DE       _DebugOk
 398F:A4E0       _facecount
 398F:A4E2       _anglefrac
 398F:A4E4       _running
 398F:A4E6       _frameon
 398F:A4EA       _buttonstate
 398F:A4FA       _controly
 398F:A4FC       _controlx
 398F:A4FE       _buttonheld
 398F:A50E       _extravbls
 398F:A510       _noclip
 398F:A512       _godmode
 398F:A514       _singlestep
 398F:A516       _spotvis
 398F:B516       _objfreelist
 398F:B518       _lastobj
 398F:B51A       _obj
 398F:B51C       _objlist
 398F:D844       _madenoise
 398F:D846       _compatability
 398F:D848       _screenfaded
 398F:D84A       _DigiList
 398F:D84C       _NumDigi
 398F:D84E       _viewtype
 398F:D850       _maporgy
 398F:D852       _maporgx
 398F:D854       _postwidth
 398F:D856       _postx
 398F:D858       _postsource
 398F:D85C       _doornum
 398F:D85E       _PMPages
 398F:D862       _PMSoundStart
 398F:D864       _PMSpriteStart
 398F:D866       _ChunksInFile
 398F:D868       _farthest
 398F:D86A       _visstep
 398F:D86C       _visptr
 398F:D86E       _vislist
 398F:D99A       _ystep
 398F:D99E       _xstep
 398F:D9A2       _yintercept
 398F:D9A6       _xintercept
 398F:D9AA       _ytilestep
 398F:D9AC       _xtilestep
 398F:D9AE       _ytile
 398F:D9B0       _xtile
 398F:D9B2       _pixx
 398F:D9B4       _tilehit
 398F:D9B6       _yinttile
 398F:D9B8       _xinttile
 398F:D9BA       _ypartialdown
 398F:D9BC       _ypartialup
 398F:D9BE       _xpartialdown
 398F:D9C0       _xpartialup
 398F:D9C2       _ypartial
 398F:D9C4       _xpartial
 398F:D9C6       _angle
 398F:D9C8       _midangle
 398F:D9CA       _viewty
 398F:D9CC       _viewtx
 398F:D9CE       _focalty
 398F:D9D0       _focaltx
 398F:D9D2       _lasttilehit
 398F:D9D4       _lastintercept
 398F:D9D8       _lastside
 398F:D9DA       _maxscaleshl2
 398F:D9DC       _fullscalefarcall
 398F:DDE0       _viewangle
 398F:DDE2       _mask3
 398F:DDE3       _mask2
 398F:DDE4       _mask1
 398F:DDE5       _maskword
 398F:DDE7       _linescale
 398F:DDEB       _linecmds
 398F:DDEF       _slinewidth
 398F:DDF1       _slinex
 398F:DDF3       _stepbytwo
 398F:DDF5       _work
 398F:DDF7       _insetupscaling
 398F:DDF9       _maxscale
 398F:DDFB       _scaledirectory
 398F:DFFD       _pluy
 398F:DFFF       _plux
 398F:E001       _playerymove
 398F:E005       _playerxmove
 398F:E009       _LastAttacker
 398F:E00B       _gotgatgun
 398F:E00D       _thrustspeed
 398F:E011       _lastdoorobj
 398F:E013       _oldsoundmode
 398F:E015       _chunkexplen
 398F:E019       _chunkcomplen
 398F:E01D       _audiohandle
 398F:E01F       _maphandle
 398F:E021       _grhandle
 398F:E023       _audiohuffman
 398F:E41F       _grhuffman
 398F:E81B       _audiostarts
 398F:E81D       _grstarts
 398F:E81F       _debughandle
 398F:E821       _profilehandle
 398F:E823       _ca_levelnum
 398F:E824       _tinf
 398F:E826       _bufferseg
 398F:E828       _btnstate
 398F:E838       _MouseDownCount
 398F:E83C       _JoyPadPresent
 398F:E83E       _DemoSize
 398F:E840       _DemoOffset
 398F:E842       _DemoBuffer
 398F:E844       _Controls
 398F:E84C       _JoyDefs
 398F:E87C       _UMBbase
 398F:E890       _numUMBs
 398F:E892       _XMSaddr
 398F:E896       _bombonerror
 398F:E898       _mmnew
 398F:E89C       _mmrover
 398F:E8A0       _mmfree
 398F:E8A4       _mmhead
 398F:E8A8       _nearheap
 398F:E8AA       _farheap
 398F:E8AE       _mmstarted
 398F:E8B0       _aftersort
 398F:E8B4       _beforesort
 398F:E8B8       _PMSegPages
 398F:E8BA       _PMFrameCount
 398F:E8BE       _PMNumBlocks
 398F:E8C0       _MainPagesUsed
 398F:E8C2       _EMSPagesUsed
 398F:E8C4       _XMSPagesUsed
 398F:E8C6       _PMThrashing
 398F:E8C8       _PMPanicMode
 398F:E8CA       _PMStarted
 398F:E8CC       _XMSDriver
 398F:E8D0       _XMSHandle
 398F:E8D2       _XMSAvail
 398F:E8D4       _EMSList
 398F:E8EC       _EMSPhysicalPage
 398F:E8EE       _EMSPageFrame
 398F:E8F0       _EMSHandle
 398F:E8F2       _EMSAvail
 398F:E8F4       _MainPagesAvail
 398F:E8F6       _MainMemUsed
 398F:E9BE       _MainMemPages
 398F:EA86       _MainPresent
 398F:EA88       _sqHackTime
 398F:EA8C       _sqHackSeqLen
 398F:EA8E       _sqHackLen
 398F:EA90       _sqHackPtr
 398F:EA94       _sqHack
 398F:EA98       _sqActive
 398F:EA9A       _alZeroInst
 398F:EAAA       _alTimeCount
 398F:EAAE       _alLengthLeft
 398F:EAB2       _alBlock
 398F:EAB4       _alSound
 398F:EAB8       _alNoCheck
 398F:EABA       _pcSoundLookup
 398F:ECB8       _pcLengthLeft
 398F:ECBC       _pcSound
 398F:ECC0       _pcLastSample
 398F:ECC1       _ssLengthLeft
 398F:ECC5       _ssSample
 398F:ECC9       _ssOff
 398F:ECCA       _ssOn
 398F:ECCB       _ssData
 398F:ECCD       _ssStatus
 398F:ECCF       _ssControl
 398F:ECD1       _ssActive
 398F:ECD3       _ssNoCheck
 398F:ECD5       _DigiLastEnd
 398F:ECD7       _DigiLastStart
 398F:ECD9       _DigiPage
 398F:ECDB       _DigiLeft
 398F:ECDD       _TimerRate
 398F:ECDF       _LocalTime
 398F:ECE3       _t0OldService
 398F:ECE7       _RightPosition
 398F:ECE9       _LeftPosition
 398F:ECEB       _DigiPriority
 398F:ECED       _SoundPriority
 398F:ECEF       _DigiNumber
 398F:ECF1       _SoundNumber
 398F:ECF3       _TimerCount
 398F:ECF7       _TimerDivisor
 398F:ECFB       _nextsoundpos
 398F:ECFD       _ssIsTandy
 398F:ECFF       _SoundTable
 398F:ED01       _HackCount
 398F:ED03       _NeedsDigitized
 398F:ED05       _SBProPresent
 398F:ED07       _DigiPlaying
 398F:ED09       _NeedsMusic
 398F:ED0B       _Games
 398F:EE07       _CursorY
 398F:EE09       _CursorX
 398F:EE0B       _CursorBad
 398F:EE0D       _Button1
 398F:EE0F       _Button0
 398F:EE11       _abortprogram
 398F:EE13       _fastpalette
 398F:EE15       _bordercolor
 398F:EE17       _ylookup
 398F:EFA7       _linewidth
 398F:EFA9       _pelpan
 398F:EFAB       _bufferheight
 398F:EFAD       _bufferwidth

Program entry point at 0000:0000

